../Core/Src/hc-05.c:51:6:hc05Init	16	static
../Core/Src/hc-05.c:56:6:checkConnection	8	static
../Core/Src/hc-05.c:66:6:cancelTransfer	8	static
../Core/Src/hc-05.c:71:6:sendData	16	static
../Core/Src/hc-05.c:105:6:receiveData	16	static
../Core/Src/hc-05.c:133:6:requestNextFrame	8	static
../Core/Src/hc-05.c:142:6:waitForNextFrameRequest	8	static
../Core/Src/hc-05.c:159:6:shiftSizeBuffer	4	static
../Core/Src/hc-05.c:172:6:HAL_UART_RxCpltCallback	16	static
../Core/Src/hc-05.c:193:6:HAL_UART_TxCpltCallback	16	static
