../Core/Src/main.c:102:5:main	8	static
../Core/Src/main.c:162:6:SystemClock_Config	88	static
../Core/Src/main.c:209:13:MX_DCMI_Init	8	static
../Core/Src/main.c:246:13:MX_I2C2_Init	8	static
../Core/Src/main.c:280:13:MX_TIM1_Init	80	static
../Core/Src/main.c:345:13:MX_TIM6_Init	16	static
../Core/Src/main.c:383:13:MX_USART2_UART_Init	8	static
../Core/Src/main.c:416:13:MX_USART3_UART_Init	8	static
../Core/Src/main.c:449:13:MX_USB_OTG_FS_PCD_Init	8	static
../Core/Src/main.c:482:13:MX_DMA_Init	16	static
../Core/Src/main.c:510:13:MX_GPIO_Init	64	static
../Core/Src/main.c:576:6:extraTruncatedVideoMode	24	static
../Core/Src/main.c:616:9:findNumberOfRepeatedPixels	32	static
../Core/Src/main.c:630:6:transferRawBufferToIntermediate	24	static
../Core/Src/main.c:645:5:rle	32	static
../Core/Src/main.c:663:6:Error_Handler	4	static,ignoring_inline_asm
