../Core/Src/stm32f4xx_it.c:33:6:NMI_Handler	4	static
../Core/Src/stm32f4xx_it.c:48:6:HardFault_Handler	4	static
../Core/Src/stm32f4xx_it.c:63:6:MemManage_Handler	4	static
../Core/Src/stm32f4xx_it.c:78:6:BusFault_Handler	4	static
../Core/Src/stm32f4xx_it.c:93:6:UsageFault_Handler	4	static
../Core/Src/stm32f4xx_it.c:108:6:SVC_Handler	4	static
../Core/Src/stm32f4xx_it.c:121:6:DebugMon_Handler	4	static
../Core/Src/stm32f4xx_it.c:134:6:PendSV_Handler	4	static
../Core/Src/stm32f4xx_it.c:147:6:SysTick_Handler	8	static
../Core/Src/stm32f4xx_it.c:174:6:EXTI4_IRQHandler	8	static
../Core/Src/stm32f4xx_it.c:190:6:EXTI9_5_IRQHandler	8	static
../Core/Src/stm32f4xx_it.c:211:6:EXTI15_10_IRQHandler	8	static
