../Core/Src/hc-05.c:54:6:hc05Init	16	static
../Core/Src/hc-05.c:59:6:checkConnection	8	static
../Core/Src/hc-05.c:69:6:cancelTransfer	8	static
../Core/Src/hc-05.c:74:6:checkTransfer	4	static
../Core/Src/hc-05.c:81:6:sendData	16	static
../Core/Src/hc-05.c:122:6:receiveData	16	static
../Core/Src/hc-05.c:157:6:requestNextFrame	8	static
../Core/Src/hc-05.c:166:6:waitForNextFrameRequest	8	static
../Core/Src/hc-05.c:183:6:shiftSizeBuffer	4	static
../Core/Src/hc-05.c:196:6:HAL_UART_RxCpltCallback	16	static
../Core/Src/hc-05.c:217:6:HAL_UART_TxCpltCallback	16	static
