Archive member included to satisfy reference by file (symbol)

/Applications/STM32CubeIDE.app/Contents/Eclipse/plugins/com.st.stm32cube.ide.mcu.externaltools.gnu-tools-for-stm32.11.3.rel1.macos64_1.1.100.202310310803/tools/bin/../lib/gcc/arm-none-eabi/11.3.1/../../../../arm-none-eabi/lib/thumb/v7e-m+fp/hard/libc_nano.a(libc_a-atoi.o)
                              ./Core/Src/hc-05.o (atoi)
/Applications/STM32CubeIDE.app/Contents/Eclipse/plugins/com.st.stm32cube.ide.mcu.externaltools.gnu-tools-for-stm32.11.3.rel1.macos64_1.1.100.202310310803/tools/bin/../lib/gcc/arm-none-eabi/11.3.1/../../../../arm-none-eabi/lib/thumb/v7e-m+fp/hard/libc_nano.a(libc_a-exit.o)
                              /Applications/STM32CubeIDE.app/Contents/Eclipse/plugins/com.st.stm32cube.ide.mcu.externaltools.gnu-tools-for-stm32.11.3.rel1.macos64_1.1.100.202310310803/tools/bin/../lib/gcc/arm-none-eabi/11.3.1/../../../../arm-none-eabi/lib/thumb/v7e-m+fp/hard/crt0.o (exit)
/Applications/STM32CubeIDE.app/Contents/Eclipse/plugins/com.st.stm32cube.ide.mcu.externaltools.gnu-tools-for-stm32.11.3.rel1.macos64_1.1.100.202310310803/tools/bin/../lib/gcc/arm-none-eabi/11.3.1/../../../../arm-none-eabi/lib/thumb/v7e-m+fp/hard/libc_nano.a(libc_a-sprintf.o)
                              ./Core/Src/hc-05.o (sprintf)
/Applications/STM32CubeIDE.app/Contents/Eclipse/plugins/com.st.stm32cube.ide.mcu.externaltools.gnu-tools-for-stm32.11.3.rel1.macos64_1.1.100.202310310803/tools/bin/../lib/gcc/arm-none-eabi/11.3.1/../../../../arm-none-eabi/lib/thumb/v7e-m+fp/hard/libc_nano.a(libc_a-findfp.o)
                              /Applications/STM32CubeIDE.app/Contents/Eclipse/plugins/com.st.stm32cube.ide.mcu.externaltools.gnu-tools-for-stm32.11.3.rel1.macos64_1.1.100.202310310803/tools/bin/../lib/gcc/arm-none-eabi/11.3.1/../../../../arm-none-eabi/lib/thumb/v7e-m+fp/hard/libc_nano.a(libc_a-exit.o) (__stdio_exit_handler)
/Applications/STM32CubeIDE.app/Contents/Eclipse/plugins/com.st.stm32cube.ide.mcu.externaltools.gnu-tools-for-stm32.11.3.rel1.macos64_1.1.100.202310310803/tools/bin/../lib/gcc/arm-none-eabi/11.3.1/../../../../arm-none-eabi/lib/thumb/v7e-m+fp/hard/libc_nano.a(libc_a-strtol.o)
                              /Applications/STM32CubeIDE.app/Contents/Eclipse/plugins/com.st.stm32cube.ide.mcu.externaltools.gnu-tools-for-stm32.11.3.rel1.macos64_1.1.100.202310310803/tools/bin/../lib/gcc/arm-none-eabi/11.3.1/../../../../arm-none-eabi/lib/thumb/v7e-m+fp/hard/libc_nano.a(libc_a-atoi.o) (_strtol_r)
/Applications/STM32CubeIDE.app/Contents/Eclipse/plugins/com.st.stm32cube.ide.mcu.externaltools.gnu-tools-for-stm32.11.3.rel1.macos64_1.1.100.202310310803/tools/bin/../lib/gcc/arm-none-eabi/11.3.1/../../../../arm-none-eabi/lib/thumb/v7e-m+fp/hard/libc_nano.a(libc_a-fwalk.o)
                              /Applications/STM32CubeIDE.app/Contents/Eclipse/plugins/com.st.stm32cube.ide.mcu.externaltools.gnu-tools-for-stm32.11.3.rel1.macos64_1.1.100.202310310803/tools/bin/../lib/gcc/arm-none-eabi/11.3.1/../../../../arm-none-eabi/lib/thumb/v7e-m+fp/hard/libc_nano.a(libc_a-findfp.o) (_fwalk_sglue)
/Applications/STM32CubeIDE.app/Contents/Eclipse/plugins/com.st.stm32cube.ide.mcu.externaltools.gnu-tools-for-stm32.11.3.rel1.macos64_1.1.100.202310310803/tools/bin/../lib/gcc/arm-none-eabi/11.3.1/../../../../arm-none-eabi/lib/thumb/v7e-m+fp/hard/libc_nano.a(libc_a-memset.o)
                              /Applications/STM32CubeIDE.app/Contents/Eclipse/plugins/com.st.stm32cube.ide.mcu.externaltools.gnu-tools-for-stm32.11.3.rel1.macos64_1.1.100.202310310803/tools/bin/../lib/gcc/arm-none-eabi/11.3.1/../../../../arm-none-eabi/lib/thumb/v7e-m+fp/hard/crt0.o (memset)
/Applications/STM32CubeIDE.app/Contents/Eclipse/plugins/com.st.stm32cube.ide.mcu.externaltools.gnu-tools-for-stm32.11.3.rel1.macos64_1.1.100.202310310803/tools/bin/../lib/gcc/arm-none-eabi/11.3.1/../../../../arm-none-eabi/lib/thumb/v7e-m+fp/hard/libc_nano.a(libc_a-impure.o)
                              /Applications/STM32CubeIDE.app/Contents/Eclipse/plugins/com.st.stm32cube.ide.mcu.externaltools.gnu-tools-for-stm32.11.3.rel1.macos64_1.1.100.202310310803/tools/bin/../lib/gcc/arm-none-eabi/11.3.1/../../../../arm-none-eabi/lib/thumb/v7e-m+fp/hard/libc_nano.a(libc_a-sprintf.o) (_impure_ptr)
/Applications/STM32CubeIDE.app/Contents/Eclipse/plugins/com.st.stm32cube.ide.mcu.externaltools.gnu-tools-for-stm32.11.3.rel1.macos64_1.1.100.202310310803/tools/bin/../lib/gcc/arm-none-eabi/11.3.1/../../../../arm-none-eabi/lib/thumb/v7e-m+fp/hard/libc_nano.a(libc_a-errno.o)
                              ./Core/Src/syscalls.o (__errno)
/Applications/STM32CubeIDE.app/Contents/Eclipse/plugins/com.st.stm32cube.ide.mcu.externaltools.gnu-tools-for-stm32.11.3.rel1.macos64_1.1.100.202310310803/tools/bin/../lib/gcc/arm-none-eabi/11.3.1/../../../../arm-none-eabi/lib/thumb/v7e-m+fp/hard/libc_nano.a(libc_a-init.o)
[...]
Memory Configuration

Name             Origin             Length             Attributes
RAM              0x0000000020000000 0x0000000000020000 xrw
FLASH            0x0000000008000000 0x0000000000080000 xr
*default*        0x0000000000000000 0xffffffffffffffff

Linker script and memory map

LOAD /Applications/STM32CubeIDE.app/Contents/Eclipse/plugins/com.st.stm32cube.ide.mcu.externaltools.gnu-tools-for-stm32.11.3.rel1.macos64_1.1.100.202310310803/tools/bin/../lib/gcc/arm-none-eabi/11.3.1/thumb/v7e-m+fp/hard/crti.o
LOAD /Applications/STM32CubeIDE.app/Contents/Eclipse/plugins/com.st.stm32cube.ide.mcu.externaltools.gnu-tools-for-stm32.11.3.rel1.macos64_1.1.100.202310310803/tools/bin/../lib/gcc/arm-none-eabi/11.3.1/thumb/v7e-m+fp/hard/crtbegin.o
LOAD /Applications/STM32CubeIDE.app/Contents/Eclipse/plugins/com.st.stm32cube.ide.mcu.externaltools.gnu-tools-for-stm32.11.3.rel1.macos64_1.1.100.202310310803/tools/bin/../lib/gcc/arm-none-eabi/11.3.1/../../../../arm-none-eabi/lib/thumb/v7e-m+fp/hard/crt0.o
LOAD ./Core/Src/hc-05.o
LOAD ./Core/Src/main.o
LOAD ./Core/Src/ov7670.o
LOAD ./Core/Src/stm32f4xx_hal_msp.o
LOAD ./Core/Src/stm32f4xx_it.o
LOAD ./Core/Src/syscalls.o
LOAD ./Core/Src/sysmem.o
LOAD ./Core/Src/system_stm32f4xx.o
LOAD ./Core/Startup/startup_stm32f446zetx.o
LOAD ./Drivers/STM32F4xx_HAL_Driver/Src/stm32f4xx_hal.o
LOAD ./Drivers/STM32F4xx_HAL_Driver/Src/stm32f4xx_hal_cortex.o
LOAD ./Drivers/STM32F4xx_HAL_Driver/Src/stm32f4xx_hal_dcmi.o
LOAD ./Drivers/STM32F4xx_HAL_Driver/Src/stm32f4xx_hal_dcmi_ex.o
LOAD ./Drivers/STM32F4xx_HAL_Driver/Src/stm32f4xx_hal_dma.o
LOAD ./Drivers/STM32F4xx_HAL_Driver/Src/stm32f4xx_hal_dma_ex.o
LOAD ./Drivers/STM32F4xx_HAL_Driver/Src/stm32f4xx_hal_exti.o
LOAD ./Drivers/STM32F4xx_HAL_Driver/Src/stm32f4xx_hal_flash.o
LOAD ./Drivers/STM32F4xx_HAL_Driver/Src/stm32f4xx_hal_flash_ex.o
LOAD ./Drivers/STM32F4xx_HAL_Driver/Src/stm32f4xx_hal_flash_ramfunc.o
LOAD ./Drivers/STM32F4xx_HAL_Driver/Src/stm32f4xx_hal_gpio.o
LOAD ./Drivers/STM32F4xx_HAL_Driver/Src/stm32f4xx_hal_i2c.o
LOAD ./Drivers/STM32F4xx_HAL_Driver/Src/stm32f4xx_hal_i2c_ex.o
LOAD ./Drivers/STM32F4xx_HAL_Driver/Src/stm32f4xx_hal_pcd.o
LOAD ./Drivers/STM32F4xx_HAL_Driver/Src/stm32f4xx_hal_pcd_ex.o
LOAD ./Drivers/STM32F4xx_HAL_Driver/Src/stm32f4xx_hal_pwr.o
LOAD ./Drivers/STM32F4xx_HAL_Driver/Src/stm32f4xx_hal_pwr_ex.o
LOAD ./Drivers/STM32F4xx_HAL_Driver/Src/stm32f4xx_hal_rcc.o
LOAD ./Drivers/STM32F4xx_HAL_Driver/Src/stm32f4xx_hal_rcc_ex.o
LOAD ./Drivers/STM32F4xx_HAL_Driver/Src/stm32f4xx_hal_tim.o
LOAD ./Drivers/STM32F4xx_HAL_Driver/Src/stm32f4xx_hal_tim_ex.o
LOAD ./Drivers/STM32F4xx_HAL_Driver/Src/stm32f4xx_hal_uart.o
LOAD ./Drivers/STM32F4xx_HAL_Driver/Src/stm32f4xx_ll_usb.o
START GROUP
LOAD /Applications/STM32CubeIDE.app/Contents/Eclipse/plugins/com.st.stm32cube.ide.mcu.externaltools.gnu-tools-for-stm32.11.3.rel1.macos64_1.1.100.202310310803/tools/bin/../lib/gcc/arm-none-eabi/11.3.1/../../../../arm-none-eabi/lib/thumb/v7e-m+fp/hard/libc_nano.a
LOAD /Applications/STM32CubeIDE.app/Contents/Eclipse/plugins/com.st.stm32cube.ide.mcu.externaltools.gnu-tools-for-stm32.11.3.rel1.macos64_1.1.100.202310310803/tools/bin/../lib/gcc/arm-none-eabi/11.3.1/../../../../arm-none-eabi/lib/thumb/v7e-m+fp/hard/libm.a
END GROUP
START GROUP
LOAD /Applications/STM32CubeIDE.app/Contents/Eclipse/plugins/com.st.stm32cube.ide.mcu.externaltools.gnu-tools-for-stm32.11.3.rel1.macos64_1.1.100.202310310803/tools/bin/../lib/gcc/arm-none-eabi/11.3.1/thumb/v7e-m+fp/hard/libgcc.a
LOAD /Applications/STM32CubeIDE.app/Contents/Eclipse/plugins/com.st.stm32cube.ide.mcu.externaltools.gnu-tools-for-stm32.11.3.rel1.macos64_1.1.100.202310310803/tools/bin/../lib/gcc/arm-none-eabi/11.3.1/../../../../arm-none-eabi/lib/thumb/v7e-m+fp/hard/libc_nano.a
END GROUP
START GROUP
LOAD /Applications/STM32CubeIDE.app/Contents/Eclipse/plugins/com.st.stm32cube.ide.mcu.externaltools.gnu-tools-for-stm32.11.3.rel1.macos64_1.1.100.202310310803/tools/bin/../lib/gcc/arm-none-eabi/11.3.1/thumb/v7e-m+fp/hard/libgcc.a
LOAD /Applications/STM32CubeIDE.app/Contents/Eclipse/plugins/com.st.stm32cube.ide.mcu.externaltools.gnu-tools-for-stm32.11.3.rel1.macos64_1.1.100.202310310803/tools/bin/../lib/gcc/arm-none-eabi/11.3.1/../../../../arm-none-eabi/lib/thumb/v7e-m+fp/hard/libc_nano.a
LOAD /Applications/STM32CubeIDE.app/Contents/Eclipse/plugins/com.st.stm32cube.ide.mcu.externaltools.gnu-tools-for-stm32.11.3.rel1.macos64_1.1.100.202310310803/tools/bin/../lib/gcc/arm-none-eabi/11.3.1/../../../../arm-none-eabi/lib/thumb/v7e-m+fp/hard/libnosys.a
END GROUP
START GROUP
LOAD /Applications/STM32CubeIDE.app/Contents/Eclipse/plugins/com.st.stm32cube.ide.mcu.externaltools.gnu-tools-for-stm32.11.3.rel1.macos64_1.1.100.202310310803/tools/bin/../lib/gcc/arm-none-eabi/11.3.1/thumb/v7e-m+fp/hard/libgcc.a
LOAD /Applications/STM32CubeIDE.app/Contents/Eclipse/plugins/com.st.stm32cube.ide.mcu.externaltools.gnu-tools-for-stm32.11.3.rel1.macos64_1.1.100.202310310803/tools/bin/../lib/gcc/arm-none-eabi/11.3.1/../../../../arm-none-eabi/lib/thumb/v7e-m+fp/hard/libc_nano.a
LOAD /Applications/STM32CubeIDE.app/Contents/Eclipse/plugins/com.st.stm32cube.ide.mcu.externaltools.gnu-tools-for-stm32.11.3.rel1.macos64_1.1.100.202310310803/tools/bin/../lib/gcc/arm-none-eabi/11.3.1/../../../../arm-none-eabi/lib/thumb/v7e-m+fp/hard/libnosys.a
END GROUP
LOAD /Applications/STM32CubeIDE.app/Contents/Eclipse/plugins/com.st.stm32cube.ide.mcu.externaltools.gnu-tools-for-stm32.11.3.rel1.macos64_1.1.100.202310310803/tools/bin/../lib/gcc/arm-none-eabi/11.3.1/thumb/v7e-m+fp/hard/crtend.o
LOAD /Applications/STM32CubeIDE.app/Contents/Eclipse/plugins/com.st.stm32cube.ide.mcu.externaltools.gnu-tools-for-stm32.11.3.rel1.macos64_1.1.100.202310310803/tools/bin/../lib/gcc/arm-none-eabi/11.3.1/thumb/v7e-m+fp/hard/crtn.o
                0x0000000020020000                _estack = (ORIGIN (RAM) + LENGTH (RAM))
                0x0000000000000200                _Min_Heap_Size = 0x200
                0x0000000000000400                _Min_Stack_Size = 0x400

.isr_vector     0x0000000008000000      0x1c4
                0x0000000008000000                . = ALIGN (0x4)
 *(.isr_vector)
 .isr_vector    0x0000000008000000      0x1c4 ./Core/Startup/startup_stm32f446zetx.o
                0x0000000008000000                g_pfnVectors
                0x00000000080001c4                . = ALIGN (0x4)

.text           0x00000000080001d0     0x9c08
                0x00000000080001d0                . = ALIGN (0x4)
 *(.text)
 .text          0x00000000080001d0       0x40 /Applications/STM32CubeIDE.app/Contents/Eclipse/plugins/com.st.stm32cube.ide.mcu.externaltools.gnu-tools-for-stm32.11.3.rel1.macos64_1.1.100.202310310803/tools/bin/../lib/gcc/arm-none-eabi/11.3.1/thumb/v7e-m+fp/hard/crtbegin.o
 .text          0x0000000008000210       0x10 /Applications/STM32CubeIDE.app/Contents/Eclipse/plugins/com.st.stm32cube.ide.mcu.externaltools.gnu-tools-for-stm32.11.3.rel1.macos64_1.1.100.202310310803/tools/bin/../lib/gcc/arm-none-eabi/11.3.1/../../../../arm-none-eabi/lib/thumb/v7e-m+fp/hard/libc_nano.a(libc_a-strlen.o)
                0x0000000008000210                strlen
 .text          0x0000000008000220       0xa0 /Applications/STM32CubeIDE.app/Contents/Eclipse/plugins/com.st.stm32cube.ide.mcu.externaltools.gnu-tools-for-stm32.11.3.rel1.macos64_1.1.100.202310310803/tools/bin/../lib/gcc/arm-none-eabi/11.3.1/../../../../arm-none-eabi/lib/thumb/v7e-m+fp/hard/libc_nano.a(libc_a-memchr.o)
                0x0000000008000220                memchr
 .text          0x00000000080002c0       0x30 /Applications/STM32CubeIDE.app/Contents/Eclipse/plugins/com.st.stm32cube.ide.mcu.externaltools.gnu-tools-for-stm32.11.3.rel1.macos64_1.1.100.202310310803/tools/bin/../lib/gcc/arm-none-eabi/11.3.1/thumb/v7e-m+fp/hard/libgcc.a(_aeabi_uldivmod.o)
                0x00000000080002c0                __aeabi_uldivmod
 .text          0x00000000080002f0      0x2c8 /Applications/STM32CubeIDE.app/Contents/Eclipse/plugins/com.st.stm32cube.ide.mcu.externaltools.gnu-tools-for-stm32.11.3.rel1.macos64_1.1.100.202310310803/tools/bin/../lib/gcc/arm-none-eabi/11.3.1/thumb/v7e-m+fp/hard/libgcc.a(_udivmoddi4.o)
                0x00000000080002f0                __udivmoddi4
 .text          0x00000000080005b8        0x4 /Applications/STM32CubeIDE.app/Contents/Eclipse/plugins/com.st.stm32cube.ide.mcu.externaltools.gnu-tools-for-stm32.11.3.rel1.macos64_1.1.100.202310310803/tools/bin/../lib/gcc/arm-none-eabi/11.3.1/thumb/v7e-m+fp/hard/libgcc.a(_dvmd_tls.o)
                0x00000000080005b8                __aeabi_ldiv0
                0x00000000080005b8                __aeabi_idiv0
 *(.text*)
 .text.hc05Init
                0x00000000080005bc       0x2c ./Core/Src/hc-05.o
                0x00000000080005bc                hc05Init
 .text.checkConnection
                0x00000000080005e8       0x30 ./Core/Src/hc-05.o
                0x00000000080005e8                checkConnection
 .text.sendData
                0x0000000008000618       0xd8 ./Core/Src/hc-05.o
                0x0000000008000618                sendData
 .text.waitForNextFrameRequest
                0x00000000080006f0       0x64 ./Core/Src/hc-05.o
                0x00000000080006f0                waitForNextFrameRequest
 .text.HAL_UART_RxCpltCallback
                0x0000000008000754       0x60 ./Core/Src/hc-05.o
                0x0000000008000754                HAL_UART_RxCpltCallback
 .text.HAL_UART_TxCpltCallback
                0x00000000080007b4       0x74 ./Core/Src/hc-05.o
                0x00000000080007b4                HAL_UART_TxCpltCallback
 .text.main     0x0000000008000828       0x70 ./Core/Src/main.o
                0x0000000008000828                main
 .text.SystemClock_Config
                0x0000000008000898       0xd8 ./Core/Src/main.o
                0x0000000008000898                SystemClock_Config
 .text.MX_DCMI_Init
                0x0000000008000970       0x68 ./Core/Src/main.o
 .text.MX_I2C2_Init
                0x00000000080009d8       0x5c ./Core/Src/main.o
 .text.MX_TIM1_Init
                0x0000000008000a34      0x104 ./Core/Src/main.o
 .text.MX_TIM6_Init
                0x0000000008000b38       0x6c ./Core/Src/main.o
 .text.MX_USART2_UART_Init
                0x0000000008000ba4       0x54 ./Core/Src/main.o
 .text.MX_USART3_UART_Init
                0x0000000008000bf8       0x54 ./Core/Src/main.o
 .text.MX_USB_OTG_FS_PCD_Init
                0x0000000008000c4c       0x5c ./Core/Src/main.o
 .text.MX_DMA_Init
                0x0000000008000ca8       0x8c ./Core/Src/main.o
 .text.MX_GPIO_Init
                0x0000000008000d34      0x1cc ./Core/Src/main.o
 .text.extraTruncatedVideoMode
                0x0000000008000f00       0xbc ./Core/Src/main.o
                0x0000000008000f00                extraTruncatedVideoMode
 .text.findNumberOfRepeatedPixels
                0x0000000008000fbc       0x74 ./Core/Src/main.o
                0x0000000008000fbc                findNumberOfRepeatedPixels
 .text.transferRawBufferToIntermediate
                0x0000000008001030       0x78 ./Core/Src/main.o
                0x0000000008001030                transferRawBufferToIntermediate
 .text.rle      0x00000000080010a8       0x84 ./Core/Src/main.o
                0x00000000080010a8                rle
 .text.Error_Handler
                0x000000000800112c        0xa ./Core/Src/main.o
                0x000000000800112c                Error_Handler
 *fill*         0x0000000008001136        0x2 
 .text.print_msg
                0x0000000008001138       0x2c ./Core/Src/ov7670.o
                0x0000000008001138                print_msg
 .text.ov7670_init
                0x0000000008001164      0x160 ./Core/Src/ov7670.o
                0x0000000008001164                ov7670_init
 .text.ov7670_read
                0x00000000080012c4      0x108 ./Core/Src/ov7670.o
                0x00000000080012c4                ov7670_read
 .text.ov7670_write
                0x00000000080013cc       0xa0 ./Core/Src/ov7670.o
                0x00000000080013cc                ov7670_write
 .text.ov7670_capture
                0x000000000800146c       0x24 ./Core/Src/ov7670.o
                0x000000000800146c                ov7670_capture
 .text.HAL_MspInit
                0x0000000008001490       0x50 ./Core/Src/stm32f4xx_hal_msp.o
                0x0000000008001490                HAL_MspInit
 .text.HAL_DCMI_MspInit
                0x00000000080014e0      0x224 ./Core/Src/stm32f4xx_hal_msp.o
                0x00000000080014e0                HAL_DCMI_MspInit
 .text.HAL_I2C_MspInit
                0x0000000008001704       0x90 ./Core/Src/stm32f4xx_hal_msp.o
                0x0000000008001704                HAL_I2C_MspInit
 .text.HAL_TIM_PWM_MspInit
                0x0000000008001794       0x44 ./Core/Src/stm32f4xx_hal_msp.o
                0x0000000008001794                HAL_TIM_PWM_MspInit
 .text.HAL_TIM_Base_MspInit
                0x00000000080017d8       0x50 ./Core/Src/stm32f4xx_hal_msp.o
                0x00000000080017d8                HAL_TIM_Base_MspInit
 .text.HAL_TIM_MspPostInit
                0x0000000008001828       0x74 ./Core/Src/stm32f4xx_hal_msp.o
                0x0000000008001828                HAL_TIM_MspPostInit
 .text.HAL_UART_MspInit
                0x000000000800189c      0x260 ./Core/Src/stm32f4xx_hal_msp.o
                0x000000000800189c                HAL_UART_MspInit
 .text.HAL_PCD_MspInit
                0x0000000008001afc       0xe0 ./Core/Src/stm32f4xx_hal_msp.o
                0x0000000008001afc                HAL_PCD_MspInit
 .text.__NVIC_SystemReset
                0x0000000008001bdc       0x2c ./Core/Src/stm32f4xx_it.o
 .text.NMI_Handler
                0x0000000008001c08        0x6 ./Core/Src/stm32f4xx_it.o
                0x0000000008001c08                NMI_Handler
 *fill*         0x0000000008001c0e        0x2 
 .text.HardFault_Handler
                0x0000000008001c10       0x14 ./Core/Src/stm32f4xx_it.o
                0x0000000008001c10                HardFault_Handler
 .text.MemManage_Handler
                0x0000000008001c24        0x6 ./Core/Src/stm32f4xx_it.o
                0x0000000008001c24                MemManage_Handler
 .text.BusFault_Handler
                0x0000000008001c2a        0x6 ./Core/Src/stm32f4xx_it.o
                0x0000000008001c2a                BusFault_Handler
 .text.UsageFault_Handler
                0x0000000008001c30        0x6 ./Core/Src/stm32f4xx_it.o
                0x0000000008001c30                UsageFault_Handler
 .text.SVC_Handler
                0x0000000008001c36        0xe ./Core/Src/stm32f4xx_it.o
                0x0000000008001c36                SVC_Handler
 .text.DebugMon_Handler
                0x0000000008001c44        0xe ./Core/Src/stm32f4xx_it.o
                0x0000000008001c44                DebugMon_Handler
 .text.PendSV_Handler
                0x0000000008001c52        0xe ./Core/Src/stm32f4xx_it.o
                0x0000000008001c52                PendSV_Handler
 .text.SysTick_Handler
                0x0000000008001c60        0xc ./Core/Src/stm32f4xx_it.o
                0x0000000008001c60                SysTick_Handler
 .text.EXTI0_IRQHandler
                0x0000000008001c6c        0x8 ./Core/Src/stm32f4xx_it.o
                0x0000000008001c6c                EXTI0_IRQHandler
 .text.DMA1_Stream3_IRQHandler
                0x0000000008001c74       0x14 ./Core/Src/stm32f4xx_it.o
                0x0000000008001c74                DMA1_Stream3_IRQHandler
 .text.DMA1_Stream5_IRQHandler
                0x0000000008001c88       0x14 ./Core/Src/stm32f4xx_it.o
                0x0000000008001c88                DMA1_Stream5_IRQHandler
 .text.DMA1_Stream6_IRQHandler
                0x0000000008001c9c       0x14 ./Core/Src/stm32f4xx_it.o
                0x0000000008001c9c                DMA1_Stream6_IRQHandler
 .text.USART2_IRQHandler
                0x0000000008001cb0       0x14 ./Core/Src/stm32f4xx_it.o
                0x0000000008001cb0                USART2_IRQHandler
 .text.USART3_IRQHandler
                0x0000000008001cc4       0x14 ./Core/Src/stm32f4xx_it.o
                0x0000000008001cc4                USART3_IRQHandler
 .text.EXTI15_10_IRQHandler
                0x0000000008001cd8       0x4c ./Core/Src/stm32f4xx_it.o
                0x0000000008001cd8                EXTI15_10_IRQHandler
 .text.TIM6_DAC_IRQHandler
                0x0000000008001d24       0x14 ./Core/Src/stm32f4xx_it.o
                0x0000000008001d24                TIM6_DAC_IRQHandler
 .text.DMA2_Stream1_IRQHandler
                0x0000000008001d38       0x28 ./Core/Src/stm32f4xx_it.o
                0x0000000008001d38                DMA2_Stream1_IRQHandler
 .text.DCMI_IRQHandler
                0x0000000008001d60       0x14 ./Core/Src/stm32f4xx_it.o
                0x0000000008001d60                DCMI_IRQHandler
 .text._sbrk    0x0000000008001d74       0x6c ./Core/Src/sysmem.o
                0x0000000008001d74                _sbrk
 .text.SystemInit
                0x0000000008001de0       0x24 ./Core/Src/system_stm32f4xx.o
                0x0000000008001de0                SystemInit
 .text.Reset_Handler
                0x0000000008001e04       0x50 ./Core/Startup/startup_stm32f446zetx.o
                0x0000000008001e04                Reset_Handler
 .text.Default_Handler
                0x0000000008001e54        0x2 ./Core/Startup/startup_stm32f446zetx.o
                0x0000000008001e54                SAI1_IRQHandler
                0x0000000008001e54                EXTI2_IRQHandler
                0x0000000008001e54                TIM8_CC_IRQHandler
                0x0000000008001e54                FMPI2C1_EV_IRQHandler
                0x0000000008001e54                SPI4_IRQHandler
                0x0000000008001e54                TIM1_CC_IRQHandler
                0x0000000008001e54                DMA2_Stream5_IRQHandler
                0x0000000008001e54                PVD_IRQHandler
                0x0000000008001e54                SDIO_IRQHandler
                0x0000000008001e54                TAMP_STAMP_IRQHandler
                0x0000000008001e54                CAN2_RX1_IRQHandler
                0x0000000008001e54                EXTI3_IRQHandler
                0x0000000008001e54                TIM8_TRG_COM_TIM14_IRQHandler
                0x0000000008001e54                TIM1_UP_TIM10_IRQHandler
                0x0000000008001e54                TIM8_UP_TIM13_IRQHandler
                0x0000000008001e54                I2C3_ER_IRQHandler
                0x0000000008001e54                I2C2_EV_IRQHandler
                0x0000000008001e54                DMA1_Stream2_IRQHandler
                0x0000000008001e54                CAN1_RX0_IRQHandler
                0x0000000008001e54                FPU_IRQHandler
                0x0000000008001e54                OTG_HS_WKUP_IRQHandler
                0x0000000008001e54                CAN2_SCE_IRQHandler
                0x0000000008001e54                DMA2_Stream2_IRQHandler
                0x0000000008001e54                SPI1_IRQHandler
                0x0000000008001e54                TIM1_BRK_TIM9_IRQHandler
                0x0000000008001e54                CAN2_RX0_IRQHandler
                0x0000000008001e54                DMA2_Stream3_IRQHandler
                0x0000000008001e54                SAI2_IRQHandler
                0x0000000008001e54                USART6_IRQHandler
                0x0000000008001e54                CAN1_RX1_IRQHandler
                0x0000000008001e54                UART5_IRQHandler
                0x0000000008001e54                DMA2_Stream0_IRQHandler
                0x0000000008001e54                TIM4_IRQHandler
                0x0000000008001e54                QUADSPI_IRQHandler
                0x0000000008001e54                I2C1_EV_IRQHandler
                0x0000000008001e54                DMA1_Stream1_IRQHandler
                0x0000000008001e54                UART4_IRQHandler
                0x0000000008001e54                TIM3_IRQHandler
                0x0000000008001e54                RCC_IRQHandler
                0x0000000008001e54                TIM8_BRK_TIM12_IRQHandler
                0x0000000008001e54                Default_Handler
                0x0000000008001e54                CEC_IRQHandler
                0x0000000008001e54                ADC_IRQHandler
                0x0000000008001e54                DMA1_Stream7_IRQHandler
                0x0000000008001e54                TIM7_IRQHandler
                0x0000000008001e54                CAN2_TX_IRQHandler
                0x0000000008001e54                TIM5_IRQHandler
                0x0000000008001e54                DMA2_Stream7_IRQHandler
                0x0000000008001e54                I2C3_EV_IRQHandler
                0x0000000008001e54                EXTI9_5_IRQHandler
                0x0000000008001e54                RTC_WKUP_IRQHandler
                0x0000000008001e54                SPDIF_RX_IRQHandler
                0x0000000008001e54                SPI2_IRQHandler
                0x0000000008001e54                OTG_HS_EP1_IN_IRQHandler
                0x0000000008001e54                DMA1_Stream0_IRQHandler
                0x0000000008001e54                CAN1_TX_IRQHandler
                0x0000000008001e54                FMPI2C1_ER_IRQHandler
                0x0000000008001e54                EXTI4_IRQHandler
                0x0000000008001e54                OTG_HS_EP1_OUT_IRQHandler
                0x0000000008001e54                WWDG_IRQHandler
                0x0000000008001e54                TIM2_IRQHandler
                0x0000000008001e54                OTG_FS_WKUP_IRQHandler
                0x0000000008001e54                TIM1_TRG_COM_TIM11_IRQHandler
                0x0000000008001e54                OTG_HS_IRQHandler
                0x0000000008001e54                EXTI1_IRQHandler
                0x0000000008001e54                I2C2_ER_IRQHandler
                0x0000000008001e54                CAN1_SCE_IRQHandler
                0x0000000008001e54                FLASH_IRQHandler
                0x0000000008001e54                DMA2_Stream4_IRQHandler
                0x0000000008001e54                USART1_IRQHandler
                0x0000000008001e54                OTG_FS_IRQHandler
                0x0000000008001e54                SPI3_IRQHandler
                0x0000000008001e54                DMA1_Stream4_IRQHandler
                0x0000000008001e54                I2C1_ER_IRQHandler
                0x0000000008001e54                FMC_IRQHandler
                0x0000000008001e54                DMA2_Stream6_IRQHandler
                0x0000000008001e54                RTC_Alarm_IRQHandler
 *fill*         0x0000000008001e56        0x2 
 .text.HAL_Init
                0x0000000008001e58       0x44 ./Drivers/STM32F4xx_HAL_Driver/Src/stm32f4xx_hal.o
                0x0000000008001e58                HAL_Init
 .text.HAL_InitTick
                0x0000000008001e9c       0x60 ./Drivers/STM32F4xx_HAL_Driver/Src/stm32f4xx_hal.o
                0x0000000008001e9c                HAL_InitTick
 .text.HAL_IncTick
                0x0000000008001efc       0x28 ./Drivers/STM32F4xx_HAL_Driver/Src/stm32f4xx_hal.o
                0x0000000008001efc                HAL_IncTick
 .text.HAL_GetTick
                0x0000000008001f24       0x18 ./Drivers/STM32F4xx_HAL_Driver/Src/stm32f4xx_hal.o
                0x0000000008001f24                HAL_GetTick
 .text.HAL_Delay
                0x0000000008001f3c       0x48 ./Drivers/STM32F4xx_HAL_Driver/Src/stm32f4xx_hal.o
                0x0000000008001f3c                HAL_Delay
 .text.__NVIC_SetPriorityGrouping
                0x0000000008001f84       0x48 ./Drivers/STM32F4xx_HAL_Driver/Src/stm32f4xx_hal_cortex.o
 .text.__NVIC_GetPriorityGrouping
                0x0000000008001fcc       0x1c ./Drivers/STM32F4xx_HAL_Driver/Src/stm32f4xx_hal_cortex.o
 .text.__NVIC_EnableIRQ
                0x0000000008001fe8       0x3c ./Drivers/STM32F4xx_HAL_Driver/Src/stm32f4xx_hal_cortex.o
 .text.__NVIC_SetPriority
                0x0000000008002024       0x54 ./Drivers/STM32F4xx_HAL_Driver/Src/stm32f4xx_hal_cortex.o
 .text.NVIC_EncodePriority
                0x0000000008002078       0x66 ./Drivers/STM32F4xx_HAL_Driver/Src/stm32f4xx_hal_cortex.o
 *fill*         0x00000000080020de        0x2 
 .text.SysTick_Config
                0x00000000080020e0       0x44 ./Drivers/STM32F4xx_HAL_Driver/Src/stm32f4xx_hal_cortex.o
 .text.HAL_NVIC_SetPriorityGrouping
                0x0000000008002124       0x16 ./Drivers/STM32F4xx_HAL_Driver/Src/stm32f4xx_hal_cortex.o
                0x0000000008002124                HAL_NVIC_SetPriorityGrouping
 .text.HAL_NVIC_SetPriority
                0x000000000800213a       0x38 ./Drivers/STM32F4xx_HAL_Driver/Src/stm32f4xx_hal_cortex.o
                0x000000000800213a                HAL_NVIC_SetPriority
 .text.HAL_NVIC_EnableIRQ
                0x0000000008002172       0x1c ./Drivers/STM32F4xx_HAL_Driver/Src/stm32f4xx_hal_cortex.o
                0x0000000008002172                HAL_NVIC_EnableIRQ
 .text.HAL_SYSTICK_Config
                0x000000000800218e       0x18 ./Drivers/STM32F4xx_HAL_Driver/Src/stm32f4xx_hal_cortex.o
                0x000000000800218e                HAL_SYSTICK_Config
 *fill*         0x00000000080021a6        0x2 
 .text.HAL_DCMI_Start_DMA
                0x00000000080021a8      0x140 ./Drivers/STM32F4xx_HAL_Driver/Src/stm32f4xx_hal_dcmi.o
                0x00000000080021a8                HAL_DCMI_Start_DMA
 .text.HAL_DCMI_Stop
                0x00000000080022e8       0xb8 ./Drivers/STM32F4xx_HAL_Driver/Src/stm32f4xx_hal_dcmi.o
                0x00000000080022e8                HAL_DCMI_Stop
 .text.HAL_DCMI_IRQHandler
                0x00000000080023a0       0xfc ./Drivers/STM32F4xx_HAL_Driver/Src/stm32f4xx_hal_dcmi.o
                0x00000000080023a0                HAL_DCMI_IRQHandler
 .text.HAL_DCMI_ErrorCallback
                0x000000000800249c       0x14 ./Drivers/STM32F4xx_HAL_Driver/Src/stm32f4xx_hal_dcmi.o
                0x000000000800249c                HAL_DCMI_ErrorCallback
 .text.HAL_DCMI_LineEventCallback
                0x00000000080024b0       0x14 ./Drivers/STM32F4xx_HAL_Driver/Src/stm32f4xx_hal_dcmi.o
                0x00000000080024b0                HAL_DCMI_LineEventCallback
 .text.HAL_DCMI_VsyncEventCallback
                0x00000000080024c4       0x14 ./Drivers/STM32F4xx_HAL_Driver/Src/stm32f4xx_hal_dcmi.o
                0x00000000080024c4                HAL_DCMI_VsyncEventCallback
 .text.HAL_DCMI_FrameEventCallback
                0x00000000080024d8       0x14 ./Drivers/STM32F4xx_HAL_Driver/Src/stm32f4xx_hal_dcmi.o
                0x00000000080024d8                HAL_DCMI_FrameEventCallback
 .text.DCMI_DMAXferCplt
                0x00000000080024ec      0x12a ./Drivers/STM32F4xx_HAL_Driver/Src/stm32f4xx_hal_dcmi.o
 .text.DCMI_DMAError
                0x0000000008002616       0x2e ./Drivers/STM32F4xx_HAL_Driver/Src/stm32f4xx_hal_dcmi.o
 .text.HAL_DCMI_Init
                0x0000000008002644       0xf4 ./Drivers/STM32F4xx_HAL_Driver/Src/stm32f4xx_hal_dcmi_ex.o
                0x0000000008002644                HAL_DCMI_Init
 .text.HAL_DMA_Init
                0x0000000008002738      0x15c ./Drivers/STM32F4xx_HAL_Driver/Src/stm32f4xx_hal_dma.o
                0x0000000008002738                HAL_DMA_Init
 .text.HAL_DMA_Start_IT
                0x0000000008002894       0xb0 ./Drivers/STM32F4xx_HAL_Driver/Src/stm32f4xx_hal_dma.o
                0x0000000008002894                HAL_DMA_Start_IT
 .text.HAL_DMA_Abort
                0x0000000008002944       0xe0 ./Drivers/STM32F4xx_HAL_Driver/Src/stm32f4xx_hal_dma.o
                0x0000000008002944                HAL_DMA_Abort
 .text.HAL_DMA_Abort_IT
                0x0000000008002a24       0x44 ./Drivers/STM32F4xx_HAL_Driver/Src/stm32f4xx_hal_dma.o
                0x0000000008002a24                HAL_DMA_Abort_IT
 .text.HAL_DMA_IRQHandler
                0x0000000008002a68      0x314 ./Drivers/STM32F4xx_HAL_Driver/Src/stm32f4xx_hal_dma.o
                0x0000000008002a68                HAL_DMA_IRQHandler
 .text.DMA_SetConfig
                0x0000000008002d7c       0x5c ./Drivers/STM32F4xx_HAL_Driver/Src/stm32f4xx_hal_dma.o
 .text.DMA_CalcBaseAndBitshift
                0x0000000008002dd8       0x6c ./Drivers/STM32F4xx_HAL_Driver/Src/stm32f4xx_hal_dma.o
 .text.DMA_CheckFifoParam
                0x0000000008002e44       0xf8 ./Drivers/STM32F4xx_HAL_Driver/Src/stm32f4xx_hal_dma.o
 .text.HAL_DMAEx_MultiBufferStart_IT
                0x0000000008002f3c     0x1290 ./Drivers/STM32F4xx_HAL_Driver/Src/stm32f4xx_hal_dma_ex.o
                0x0000000008002f3c                HAL_DMAEx_MultiBufferStart_IT
 .text.HAL_DMAEx_ChangeMemory
                0x00000000080041cc       0x34 ./Drivers/STM32F4xx_HAL_Driver/Src/stm32f4xx_hal_dma_ex.o
                0x00000000080041cc                HAL_DMAEx_ChangeMemory
 .text.DMA_MultiBufferSetConfig
                0x0000000008004200       0x4c ./Drivers/STM32F4xx_HAL_Driver/Src/stm32f4xx_hal_dma_ex.o
 .text.HAL_GPIO_Init
                0x000000000800424c      0x328 ./Drivers/STM32F4xx_HAL_Driver/Src/stm32f4xx_hal_gpio.o
                0x000000000800424c                HAL_GPIO_Init
 .text.HAL_GPIO_ReadPin
                0x0000000008004574       0x30 ./Drivers/STM32F4xx_HAL_Driver/Src/stm32f4xx_hal_gpio.o
                0x0000000008004574                HAL_GPIO_ReadPin
 .text.HAL_GPIO_WritePin
                0x00000000080045a4       0x32 ./Drivers/STM32F4xx_HAL_Driver/Src/stm32f4xx_hal_gpio.o
                0x00000000080045a4                HAL_GPIO_WritePin
 .text.HAL_GPIO_TogglePin
                0x00000000080045d6       0x34 ./Drivers/STM32F4xx_HAL_Driver/Src/stm32f4xx_hal_gpio.o
                0x00000000080045d6                HAL_GPIO_TogglePin
 *fill*         0x000000000800460a        0x2 
 .text.HAL_GPIO_EXTI_IRQHandler
                0x000000000800460c       0x30 ./Drivers/STM32F4xx_HAL_Driver/Src/stm32f4xx_hal_gpio.o
                0x000000000800460c                HAL_GPIO_EXTI_IRQHandler
 .text.HAL_GPIO_EXTI_Callback
                0x000000000800463c       0x16 ./Drivers/STM32F4xx_HAL_Driver/Src/stm32f4xx_hal_gpio.o
                0x000000000800463c                HAL_GPIO_EXTI_Callback
 *fill*         0x0000000008004652        0x2 
 .text.HAL_I2C_Init
                0x0000000008004654      0x288 ./Drivers/STM32F4xx_HAL_Driver/Src/stm32f4xx_hal_i2c.o
                0x0000000008004654                HAL_I2C_Init
 .text.HAL_I2C_Master_Transmit
                0x00000000080048dc      0x1fc ./Drivers/STM32F4xx_HAL_Driver/Src/stm32f4xx_hal_i2c.o
                0x00000000080048dc                HAL_I2C_Master_Transmit
 .text.HAL_I2C_Master_Receive
                0x0000000008004ad8      0x44c ./Drivers/STM32F4xx_HAL_Driver/Src/stm32f4xx_hal_i2c.o
                0x0000000008004ad8                HAL_I2C_Master_Receive
 .text.HAL_I2C_Mem_Write
                0x0000000008004f24      0x1f4 ./Drivers/STM32F4xx_HAL_Driver/Src/stm32f4xx_hal_i2c.o
                0x0000000008004f24                HAL_I2C_Mem_Write
 .text.I2C_MasterRequestWrite
                0x0000000008005118      0x104 ./Drivers/STM32F4xx_HAL_Driver/Src/stm32f4xx_hal_i2c.o
 .text.I2C_MasterRequestRead
                0x000000000800521c      0x19c ./Drivers/STM32F4xx_HAL_Driver/Src/stm32f4xx_hal_i2c.o
 .text.I2C_RequestMemoryWrite
                0x00000000080053b8      0x12c ./Drivers/STM32F4xx_HAL_Driver/Src/stm32f4xx_hal_i2c.o
 .text.I2C_WaitOnFlagUntilTimeout
                0x00000000080054e4       0xae ./Drivers/STM32F4xx_HAL_Driver/Src/stm32f4xx_hal_i2c.o
 .text.I2C_WaitOnMasterAddressFlagUntilTimeout
                0x0000000008005592       0xfe ./Drivers/STM32F4xx_HAL_Driver/Src/stm32f4xx_hal_i2c.o
 .text.I2C_WaitOnTXEFlagUntilTimeout
                0x0000000008005690       0x82 ./Drivers/STM32F4xx_HAL_Driver/Src/stm32f4xx_hal_i2c.o
 .text.I2C_WaitOnBTFFlagUntilTimeout
                0x0000000008005712       0x82 ./Drivers/STM32F4xx_HAL_Driver/Src/stm32f4xx_hal_i2c.o
 .text.I2C_WaitOnRXNEFlagUntilTimeout
                0x0000000008005794       0xac ./Drivers/STM32F4xx_HAL_Driver/Src/stm32f4xx_hal_i2c.o
 .text.I2C_IsAcknowledgeFailed
                0x0000000008005840       0x5e ./Drivers/STM32F4xx_HAL_Driver/Src/stm32f4xx_hal_i2c.o
 .text.HAL_PCD_Init
                0x000000000800589e      0x248 ./Drivers/STM32F4xx_HAL_Driver/Src/stm32f4xx_hal_pcd.o
                0x000000000800589e                HAL_PCD_Init
 .text.HAL_PCDEx_ActivateLPM
                0x0000000008005ae6       0x48 ./Drivers/STM32F4xx_HAL_Driver/Src/stm32f4xx_hal_pcd_ex.o
                0x0000000008005ae6                HAL_PCDEx_ActivateLPM
 *fill*         0x0000000008005b2e        0x2 
 .text.HAL_RCC_ClockConfig
                0x0000000008005b30      0x1cc ./Drivers/STM32F4xx_HAL_Driver/Src/stm32f4xx_hal_rcc.o
                0x0000000008005b30                HAL_RCC_ClockConfig
 .text.HAL_RCC_GetHCLKFreq
                0x0000000008005cfc       0x18 ./Drivers/STM32F4xx_HAL_Driver/Src/stm32f4xx_hal_rcc.o
                0x0000000008005cfc                HAL_RCC_GetHCLKFreq
 .text.HAL_RCC_GetPCLK1Freq
                0x0000000008005d14       0x28 ./Drivers/STM32F4xx_HAL_Driver/Src/stm32f4xx_hal_rcc.o
                0x0000000008005d14                HAL_RCC_GetPCLK1Freq
 .text.HAL_RCC_GetPCLK2Freq
                0x0000000008005d3c       0x28 ./Drivers/STM32F4xx_HAL_Driver/Src/stm32f4xx_hal_rcc.o
                0x0000000008005d3c                HAL_RCC_GetPCLK2Freq
 .text.HAL_RCCEx_PeriphCLKConfig
                0x0000000008005d64      0x654 ./Drivers/STM32F4xx_HAL_Driver/Src/stm32f4xx_hal_rcc_ex.o
                0x0000000008005d64                HAL_RCCEx_PeriphCLKConfig
 .text.HAL_RCC_GetSysClockFreq
                0x00000000080063b8      0x460 ./Drivers/STM32F4xx_HAL_Driver/Src/stm32f4xx_hal_rcc_ex.o
                0x00000000080063b8                HAL_RCC_GetSysClockFreq
 .text.HAL_RCC_OscConfig
                0x0000000008006818      0x53c ./Drivers/STM32F4xx_HAL_Driver/Src/stm32f4xx_hal_rcc_ex.o
                0x0000000008006818                HAL_RCC_OscConfig
 .text.HAL_TIM_Base_Init
                0x0000000008006d54       0x9e ./Drivers/STM32F4xx_HAL_Driver/Src/stm32f4xx_hal_tim.o
                0x0000000008006d54                HAL_TIM_Base_Init
 .text.HAL_TIM_PWM_Init
                0x0000000008006df2       0x9e ./Drivers/STM32F4xx_HAL_Driver/Src/stm32f4xx_hal_tim.o
                0x0000000008006df2                HAL_TIM_PWM_Init
 .text.HAL_TIM_PWM_Start
                0x0000000008006e90      0x190 ./Drivers/STM32F4xx_HAL_Driver/Src/stm32f4xx_hal_tim.o
                0x0000000008006e90                HAL_TIM_PWM_Start
 .text.HAL_TIM_IRQHandler
                0x0000000008007020      0x210 ./Drivers/STM32F4xx_HAL_Driver/Src/stm32f4xx_hal_tim.o
                0x0000000008007020                HAL_TIM_IRQHandler
 .text.HAL_TIM_PWM_ConfigChannel
                0x0000000008007230      0x184 ./Drivers/STM32F4xx_HAL_Driver/Src/stm32f4xx_hal_tim.o
                0x0000000008007230                HAL_TIM_PWM_ConfigChannel
 .text.HAL_TIM_PeriodElapsedCallback
                0x00000000080073b4       0x14 ./Drivers/STM32F4xx_HAL_Driver/Src/stm32f4xx_hal_tim.o
                0x00000000080073b4                HAL_TIM_PeriodElapsedCallback
 .text.HAL_TIM_OC_DelayElapsedCallback
                0x00000000080073c8       0x14 ./Drivers/STM32F4xx_HAL_Driver/Src/stm32f4xx_hal_tim.o
                0x00000000080073c8                HAL_TIM_OC_DelayElapsedCallback
 .text.HAL_TIM_IC_CaptureCallback
                0x00000000080073dc       0x14 ./Drivers/STM32F4xx_HAL_Driver/Src/stm32f4xx_hal_tim.o
                0x00000000080073dc                HAL_TIM_IC_CaptureCallback
 .text.HAL_TIM_PWM_PulseFinishedCallback
                0x00000000080073f0       0x14 ./Drivers/STM32F4xx_HAL_Driver/Src/stm32f4xx_hal_tim.o
                0x00000000080073f0                HAL_TIM_PWM_PulseFinishedCallback
 .text.HAL_TIM_TriggerCallback
                0x0000000008007404       0x14 ./Drivers/STM32F4xx_HAL_Driver/Src/stm32f4xx_hal_tim.o
                0x0000000008007404                HAL_TIM_TriggerCallback
 .text.TIM_Base_SetConfig
                0x0000000008007418      0x140 ./Drivers/STM32F4xx_HAL_Driver/Src/stm32f4xx_hal_tim.o
                0x0000000008007418                TIM_Base_SetConfig
 .text.TIM_OC1_SetConfig
                0x0000000008007558       0xe0 ./Drivers/STM32F4xx_HAL_Driver/Src/stm32f4xx_hal_tim.o
 .text.TIM_OC2_SetConfig
                0x0000000008007638       0xec ./Drivers/STM32F4xx_HAL_Driver/Src/stm32f4xx_hal_tim.o
                0x0000000008007638                TIM_OC2_SetConfig
 .text.TIM_OC3_SetConfig
                0x0000000008007724       0xe8 ./Drivers/STM32F4xx_HAL_Driver/Src/stm32f4xx_hal_tim.o
 .text.TIM_OC4_SetConfig
                0x000000000800780c       0xac ./Drivers/STM32F4xx_HAL_Driver/Src/stm32f4xx_hal_tim.o
 .text.TIM_CCxChannelCmd
                0x00000000080078b8       0x4a ./Drivers/STM32F4xx_HAL_Driver/Src/stm32f4xx_hal_tim.o
                0x00000000080078b8                TIM_CCxChannelCmd
 *fill*         0x0000000008007902        0x2 
 .text.HAL_TIMEx_MasterConfigSynchronization
                0x0000000008007904       0xf8 ./Drivers/STM32F4xx_HAL_Driver/Src/stm32f4xx_hal_tim_ex.o
                0x0000000008007904                HAL_TIMEx_MasterConfigSynchronization
 .text.HAL_TIMEx_ConfigBreakDeadTime
                0x00000000080079fc       0xa4 ./Drivers/STM32F4xx_HAL_Driver/Src/stm32f4xx_hal_tim_ex.o
                0x00000000080079fc                HAL_TIMEx_ConfigBreakDeadTime
 .text.HAL_TIMEx_CommutCallback
                0x0000000008007aa0       0x14 ./Drivers/STM32F4xx_HAL_Driver/Src/stm32f4xx_hal_tim_ex.o
                0x0000000008007aa0                HAL_TIMEx_CommutCallback
 .text.HAL_TIMEx_BreakCallback
                0x0000000008007ab4       0x14 ./Drivers/STM32F4xx_HAL_Driver/Src/stm32f4xx_hal_tim_ex.o
                0x0000000008007ab4                HAL_TIMEx_BreakCallback
 .text.HAL_UART_Init
                0x0000000008007ac8       0x9a ./Drivers/STM32F4xx_HAL_Driver/Src/stm32f4xx_hal_uart.o
                0x0000000008007ac8                HAL_UART_Init
 *fill*         0x0000000008007b62        0x2 
 .text.HAL_UART_Transmit_DMA
                0x0000000008007b64       0xfc ./Drivers/STM32F4xx_HAL_Driver/Src/stm32f4xx_hal_uart.o
                0x0000000008007b64                HAL_UART_Transmit_DMA
 .text.HAL_UART_Receive_DMA
                0x0000000008007c60       0x60 ./Drivers/STM32F4xx_HAL_Driver/Src/stm32f4xx_hal_uart.o
                0x0000000008007c60                HAL_UART_Receive_DMA
 .text.HAL_UART_IRQHandler
                0x0000000008007cc0      0x51c ./Drivers/STM32F4xx_HAL_Driver/Src/stm32f4xx_hal_uart.o
                0x0000000008007cc0                HAL_UART_IRQHandler
 .text.HAL_UART_TxHalfCpltCallback
                0x00000000080081dc       0x14 ./Drivers/STM32F4xx_HAL_Driver/Src/stm32f4xx_hal_uart.o
                0x00000000080081dc                HAL_UART_TxHalfCpltCallback
 .text.HAL_UART_RxHalfCpltCallback
                0x00000000080081f0       0x14 ./Drivers/STM32F4xx_HAL_Driver/Src/stm32f4xx_hal_uart.o
                0x00000000080081f0                HAL_UART_RxHalfCpltCallback
 .text.HAL_UART_ErrorCallback
                0x0000000008008204       0x14 ./Drivers/STM32F4xx_HAL_Driver/Src/stm32f4xx_hal_uart.o
                0x0000000008008204                HAL_UART_ErrorCallback
 .text.HAL_UARTEx_RxEventCallback
                0x0000000008008218       0x18 ./Drivers/STM32F4xx_HAL_Driver/Src/stm32f4xx_hal_uart.o
                0x0000000008008218                HAL_UARTEx_RxEventCallback
 .text.UART_DMATransmitCplt
                0x0000000008008230       0x9a ./Drivers/STM32F4xx_HAL_Driver/Src/stm32f4xx_hal_uart.o
 .text.UART_DMATxHalfCplt
                0x00000000080082ca       0x1c ./Drivers/STM32F4xx_HAL_Driver/Src/stm32f4xx_hal_uart.o
 .text.UART_DMAReceiveCplt
                0x00000000080082e6      0x126 ./Drivers/STM32F4xx_HAL_Driver/Src/stm32f4xx_hal_uart.o
 .text.UART_DMARxHalfCplt
                0x000000000800840c       0x36 ./Drivers/STM32F4xx_HAL_Driver/Src/stm32f4xx_hal_uart.o
 .text.UART_DMAError
                0x0000000008008442       0x94 ./Drivers/STM32F4xx_HAL_Driver/Src/stm32f4xx_hal_uart.o
 *fill*         0x00000000080084d6        0x2 
 .text.UART_Start_Receive_DMA
                0x00000000080084d8      0x13c ./Drivers/STM32F4xx_HAL_Driver/Src/stm32f4xx_hal_uart.o
                0x00000000080084d8                UART_Start_Receive_DMA
 .text.UART_EndTxTransfer
                0x0000000008008614       0x50 ./Drivers/STM32F4xx_HAL_Driver/Src/stm32f4xx_hal_uart.o
 .text.UART_EndRxTransfer
                0x0000000008008664       0xc6 ./Drivers/STM32F4xx_HAL_Driver/Src/stm32f4xx_hal_uart.o
 .text.UART_DMAAbortOnError
                0x000000000800872a       0x28 ./Drivers/STM32F4xx_HAL_Driver/Src/stm32f4xx_hal_uart.o
 .text.UART_Transmit_IT
                0x0000000008008752       0xa0 ./Drivers/STM32F4xx_HAL_Driver/Src/stm32f4xx_hal_uart.o
 .text.UART_EndTransmit_IT
                0x00000000080087f2       0x30 ./Drivers/STM32F4xx_HAL_Driver/Src/stm32f4xx_hal_uart.o
 .text.UART_Receive_IT
                0x0000000008008822      0x176 ./Drivers/STM32F4xx_HAL_Driver/Src/stm32f4xx_hal_uart.o
 .text.UART_SetConfig
                0x0000000008008998      0x4e8 ./Drivers/STM32F4xx_HAL_Driver/Src/stm32f4xx_hal_uart.o
 .text.USB_CoreInit
                0x0000000008008e80       0xc2 ./Drivers/STM32F4xx_HAL_Driver/Src/stm32f4xx_ll_usb.o
                0x0000000008008e80                USB_CoreInit
 .text.USB_DisableGlobalInt
                0x0000000008008f42       0x22 ./Drivers/STM32F4xx_HAL_Driver/Src/stm32f4xx_ll_usb.o
                0x0000000008008f42                USB_DisableGlobalInt
 .text.USB_SetCurrentMode
                0x0000000008008f64       0x98 ./Drivers/STM32F4xx_HAL_Driver/Src/stm32f4xx_ll_usb.o
                0x0000000008008f64                USB_SetCurrentMode
 .text.USB_DevInit
                0x0000000008008ffc      0x2bc ./Drivers/STM32F4xx_HAL_Driver/Src/stm32f4xx_ll_usb.o
                0x0000000008008ffc                USB_DevInit
 .text.USB_FlushTxFifo
                0x00000000080092b8       0x68 ./Drivers/STM32F4xx_HAL_Driver/Src/stm32f4xx_ll_usb.o
                0x00000000080092b8                USB_FlushTxFifo
 .text.USB_FlushRxFifo
                0x0000000008009320       0x60 ./Drivers/STM32F4xx_HAL_Driver/Src/stm32f4xx_ll_usb.o
                0x0000000008009320                USB_FlushRxFifo
 .text.USB_SetDevSpeed
                0x0000000008009380       0x32 ./Drivers/STM32F4xx_HAL_Driver/Src/stm32f4xx_ll_usb.o
                0x0000000008009380                USB_SetDevSpeed
 .text.USB_DevDisconnect
                0x00000000080093b2       0x42 ./Drivers/STM32F4xx_HAL_Driver/Src/stm32f4xx_ll_usb.o
                0x00000000080093b2                USB_DevDisconnect
 .text.USB_GetMode
                0x00000000080093f4       0x1c ./Drivers/STM32F4xx_HAL_Driver/Src/stm32f4xx_ll_usb.o
                0x00000000080093f4                USB_GetMode
 .text.USB_CoreReset
                0x0000000008009410       0x68 ./Drivers/STM32F4xx_HAL_Driver/Src/stm32f4xx_ll_usb.o
 .text.sprintf  0x0000000008009478       0x40 /Applications/STM32CubeIDE.app/Contents/Eclipse/plugins/com.st.stm32cube.ide.mcu.externaltools.gnu-tools-for-stm32.11.3.rel1.macos64_1.1.100.202310310803/tools/bin/../lib/gcc/arm-none-eabi/11.3.1/../../../../arm-none-eabi/lib/thumb/v7e-m+fp/hard/libc_nano.a(libc_a-sprintf.o)
                0x0000000008009478                sprintf
                0x0000000008009478                siprintf
 .text.memset   0x00000000080094b8       0x10 /Applications/STM32CubeIDE.app/Contents/Eclipse/plugins/com.st.stm32cube.ide.mcu.externaltools.gnu-tools-for-stm32.11.3.rel1.macos64_1.1.100.202310310803/tools/bin/../lib/gcc/arm-none-eabi/11.3.1/../../../../arm-none-eabi/lib/thumb/v7e-m+fp/hard/libc_nano.a(libc_a-memset.o)
                0x00000000080094b8                memset
 .text.__errno  0x00000000080094c8        0xc /Applications/STM32CubeIDE.app/Contents/Eclipse/plugins/com.st.stm32cube.ide.mcu.externaltools.gnu-tools-for-stm32.11.3.rel1.macos64_1.1.100.202310310803/tools/bin/../lib/gcc/arm-none-eabi/11.3.1/../../../../arm-none-eabi/lib/thumb/v7e-m+fp/hard/libc_nano.a(libc_a-errno.o)
                0x00000000080094c8                __errno
 .text.__libc_init_array
                0x00000000080094d4       0x48 /Applications/STM32CubeIDE.app/Contents/Eclipse/plugins/com.st.stm32cube.ide.mcu.externaltools.gnu-tools-for-stm32.11.3.rel1.macos64_1.1.100.202310310803/tools/bin/../lib/gcc/arm-none-eabi/11.3.1/../../../../arm-none-eabi/lib/thumb/v7e-m+fp/hard/libc_nano.a(libc_a-init.o)
                0x00000000080094d4                __libc_init_array
 .text.__retarget_lock_acquire_recursive
                0x000000000800951c        0x2 /Applications/STM32CubeIDE.app/Contents/Eclipse/plugins/com.st.stm32cube.ide.mcu.externaltools.gnu-tools-for-stm32.11.3.rel1.macos64_1.1.100.202310310803/tools/bin/../lib/gcc/arm-none-eabi/11.3.1/../../../../arm-none-eabi/lib/thumb/v7e-m+fp/hard/libc_nano.a(libc_a-lock.o)
                0x000000000800951c                __retarget_lock_acquire_recursive
 .text.__retarget_lock_release_recursive
                0x000000000800951e        0x2 /Applications/STM32CubeIDE.app/Contents/Eclipse/plugins/com.st.stm32cube.ide.mcu.externaltools.gnu-tools-for-stm32.11.3.rel1.macos64_1.1.100.202310310803/tools/bin/../lib/gcc/arm-none-eabi/11.3.1/../../../../arm-none-eabi/lib/thumb/v7e-m+fp/hard/libc_nano.a(libc_a-lock.o)
                0x000000000800951e                __retarget_lock_release_recursive
 .text.__ssputs_r
                0x0000000008009520       0xb4 /Applications/STM32CubeIDE.app/Contents/Eclipse/plugins/com.st.stm32cube.ide.mcu.externaltools.gnu-tools-for-stm32.11.3.rel1.macos64_1.1.100.202310310803/tools/bin/../lib/gcc/arm-none-eabi/11.3.1/../../../../arm-none-eabi/lib/thumb/v7e-m+fp/hard/libc_nano.a(libc_a-nano-svfprintf.o)
                0x0000000008009520                __ssputs_r
 .text._svfprintf_r
                0x00000000080095d4      0x1fc /Applications/STM32CubeIDE.app/Contents/Eclipse/plugins/com.st.stm32cube.ide.mcu.externaltools.gnu-tools-for-stm32.11.3.rel1.macos64_1.1.100.202310310803/tools/bin/../lib/gcc/arm-none-eabi/11.3.1/../../../../arm-none-eabi/lib/thumb/v7e-m+fp/hard/libc_nano.a(libc_a-nano-svfprintf.o)
                0x00000000080095d4                _svfprintf_r
                0x00000000080095d4                _svfiprintf_r
 .text.sbrk_aligned
                0x00000000080097d0       0x40 /Applications/STM32CubeIDE.app/Contents/Eclipse/plugins/com.st.stm32cube.ide.mcu.externaltools.gnu-tools-for-stm32.11.3.rel1.macos64_1.1.100.202310310803/tools/bin/../lib/gcc/arm-none-eabi/11.3.1/../../../../arm-none-eabi/lib/thumb/v7e-m+fp/hard/libc_nano.a(libc_a-mallocr.o)
 .text._malloc_r
                0x0000000008009810      0x100 /Applications/STM32CubeIDE.app/Contents/Eclipse/plugins/com.st.stm32cube.ide.mcu.externaltools.gnu-tools-for-stm32.11.3.rel1.macos64_1.1.100.202310310803/tools/bin/../lib/gcc/arm-none-eabi/11.3.1/../../../../arm-none-eabi/lib/thumb/v7e-m+fp/hard/libc_nano.a(libc_a-mallocr.o)
                0x0000000008009810                _malloc_r
 .text._printf_common
                0x0000000008009910       0xda /Applications/STM32CubeIDE.app/Contents/Eclipse/plugins/com.st.stm32cube.ide.mcu.externaltools.gnu-tools-for-stm32.11.3.rel1.macos64_1.1.100.202310310803/tools/bin/../lib/gcc/arm-none-eabi/11.3.1/../../../../arm-none-eabi/lib/thumb/v7e-m+fp/hard/libc_nano.a(libc_a-nano-vfprintf_i.o)
                0x0000000008009910                _printf_common
 *fill*         0x00000000080099ea        0x2 
 .text._printf_i
                0x00000000080099ec      0x244 /Applications/STM32CubeIDE.app/Contents/Eclipse/plugins/com.st.stm32cube.ide.mcu.externaltools.gnu-tools-for-stm32.11.3.rel1.macos64_1.1.100.202310310803/tools/bin/../lib/gcc/arm-none-eabi/11.3.1/../../../../arm-none-eabi/lib/thumb/v7e-m+fp/hard/libc_nano.a(libc_a-nano-vfprintf_i.o)
                0x00000000080099ec                _printf_i
 .text.__malloc_lock
                0x0000000008009c30        0xc /Applications/STM32CubeIDE.app/Contents/Eclipse/plugins/com.st.stm32cube.ide.mcu.externaltools.gnu-tools-for-stm32.11.3.rel1.macos64_1.1.100.202310310803/tools/bin/../lib/gcc/arm-none-eabi/11.3.1/../../../../arm-none-eabi/lib/thumb/v7e-m+fp/hard/libc_nano.a(libc_a-mlock.o)
                0x0000000008009c30                __malloc_lock
 .text.__malloc_unlock
                0x0000000008009c3c        0xc /Applications/STM32CubeIDE.app/Contents/Eclipse/plugins/com.st.stm32cube.ide.mcu.externaltools.gnu-tools-for-stm32.11.3.rel1.macos64_1.1.100.202310310803/tools/bin/../lib/gcc/arm-none-eabi/11.3.1/../../../../arm-none-eabi/lib/thumb/v7e-m+fp/hard/libc_nano.a(libc_a-mlock.o)
                0x0000000008009c3c                __malloc_unlock
 .text._realloc_r
                0x0000000008009c48       0x5e /Applications/STM32CubeIDE.app/Contents/Eclipse/plugins/com.st.stm32cube.ide.mcu.externaltools.gnu-tools-for-stm32.11.3.rel1.macos64_1.1.100.202310310803/tools/bin/../lib/gcc/arm-none-eabi/11.3.1/../../../../arm-none-eabi/lib/thumb/v7e-m+fp/hard/libc_nano.a(libc_a-reallocr.o)
                0x0000000008009c48                _realloc_r
 .text.memmove  0x0000000008009ca6       0x34 /Applications/STM32CubeIDE.app/Contents/Eclipse/plugins/com.st.stm32cube.ide.mcu.externaltools.gnu-tools-for-stm32.11.3.rel1.macos64_1.1.100.202310310803/tools/bin/../lib/gcc/arm-none-eabi/11.3.1/../../../../arm-none-eabi/lib/thumb/v7e-m+fp/hard/libc_nano.a(libc_a-memmove.o)
                0x0000000008009ca6                memmove
 *fill*         0x0000000008009cda        0x2 
 .text._sbrk_r  0x0000000008009cdc       0x20 /Applications/STM32CubeIDE.app/Contents/Eclipse/plugins/com.st.stm32cube.ide.mcu.externaltools.gnu-tools-for-stm32.11.3.rel1.macos64_1.1.100.202310310803/tools/bin/../lib/gcc/arm-none-eabi/11.3.1/../../../../arm-none-eabi/lib/thumb/v7e-m+fp/hard/libc_nano.a(libc_a-sbrkr.o)
                0x0000000008009cdc                _sbrk_r
 .text.memcpy   0x0000000008009cfc       0x1c /Applications/STM32CubeIDE.app/Contents/Eclipse/plugins/com.st.stm32cube.ide.mcu.externaltools.gnu-tools-for-stm32.11.3.rel1.macos64_1.1.100.202310310803/tools/bin/../lib/gcc/arm-none-eabi/11.3.1/../../../../arm-none-eabi/lib/thumb/v7e-m+fp/hard/libc_nano.a(libc_a-memcpy-stub.o)
                0x0000000008009cfc                memcpy
 .text._free_r  0x0000000008009d18       0x98 /Applications/STM32CubeIDE.app/Contents/Eclipse/plugins/com.st.stm32cube.ide.mcu.externaltools.gnu-tools-for-stm32.11.3.rel1.macos64_1.1.100.202310310803/tools/bin/../lib/gcc/arm-none-eabi/11.3.1/../../../../arm-none-eabi/lib/thumb/v7e-m+fp/hard/libc_nano.a(libc_a-freer.o)
                0x0000000008009d18                _free_r
 .text._malloc_usable_size_r
                0x0000000008009db0       0x10 /Applications/STM32CubeIDE.app/Contents/Eclipse/plugins/com.st.stm32cube.ide.mcu.externaltools.gnu-tools-for-stm32.11.3.rel1.macos64_1.1.100.202310310803/tools/bin/../lib/gcc/arm-none-eabi/11.3.1/../../../../arm-none-eabi/lib/thumb/v7e-m+fp/hard/libc_nano.a(libc_a-msizer.o)
                0x0000000008009db0                _malloc_usable_size_r
 *(.glue_7)
 .glue_7        0x0000000008009dc0        0x0 linker stubs
 *(.glue_7t)
 .glue_7t       0x0000000008009dc0        0x0 linker stubs
 *(.eh_frame)
 .eh_frame      0x0000000008009dc0        0x0 /Applications/STM32CubeIDE.app/Contents/Eclipse/plugins/com.st.stm32cube.ide.mcu.externaltools.gnu-tools-for-stm32.11.3.rel1.macos64_1.1.100.202310310803/tools/bin/../lib/gcc/arm-none-eabi/11.3.1/thumb/v7e-m+fp/hard/crtbegin.o
 *(.init)
 .init          0x0000000008009dc0        0x4 /Applications/STM32CubeIDE.app/Contents/Eclipse/plugins/com.st.stm32cube.ide.mcu.externaltools.gnu-tools-for-stm32.11.3.rel1.macos64_1.1.100.202310310803/tools/bin/../lib/gcc/arm-none-eabi/11.3.1/thumb/v7e-m+fp/hard/crti.o
                0x0000000008009dc0                _init
 .init          0x0000000008009dc4        0x8 /Applications/STM32CubeIDE.app/Contents/Eclipse/plugins/com.st.stm32cube.ide.mcu.externaltools.gnu-tools-for-stm32.11.3.rel1.macos64_1.1.100.202310310803/tools/bin/../lib/gcc/arm-none-eabi/11.3.1/thumb/v7e-m+fp/hard/crtn.o
 *(.fini)
 .fini          0x0000000008009dcc        0x4 /Applications/STM32CubeIDE.app/Contents/Eclipse/plugins/com.st.stm32cube.ide.mcu.externaltools.gnu-tools-for-stm32.11.3.rel1.macos64_1.1.100.202310310803/tools/bin/../lib/gcc/arm-none-eabi/11.3.1/thumb/v7e-m+fp/hard/crti.o
                0x0000000008009dcc                _fini
 .fini          0x0000000008009dd0        0x8 /Applications/STM32CubeIDE.app/Contents/Eclipse/plugins/com.st.stm32cube.ide.mcu.externaltools.gnu-tools-for-stm32.11.3.rel1.macos64_1.1.100.202310310803/tools/bin/../lib/gcc/arm-none-eabi/11.3.1/thumb/v7e-m+fp/hard/crtn.o
                0x0000000008009dd8                . = ALIGN (0x4)
                0x0000000008009dd8                _etext = .

.vfp11_veneer   0x0000000008009dd8        0x0
 .vfp11_veneer  0x0000000008009dd8        0x0 linker stubs

.v4_bx          0x0000000008009dd8        0x0
 .v4_bx         0x0000000008009dd8        0x0 linker stubs

.iplt           0x0000000008009dd8        0x0
 .iplt          0x0000000008009dd8        0x0 /Applications/STM32CubeIDE.app/Contents/Eclipse/plugins/com.st.stm32cube.ide.mcu.externaltools.gnu-tools-for-stm32.11.3.rel1.macos64_1.1.100.202310310803/tools/bin/../lib/gcc/arm-none-eabi/11.3.1/thumb/v7e-m+fp/hard/crtbegin.o

.rodata         0x0000000008009dd8      0x2e0
                0x0000000008009dd8                . = ALIGN (0x4)
 *(.rodata)
 .rodata        0x0000000008009dd8        0x3 ./Core/Src/hc-05.o
 *fill*         0x0000000008009ddb        0x1 
 .rodata        0x0000000008009ddc       0x14 ./Core/Src/main.o
 .rodata        0x0000000008009df0      0x17f ./Core/Src/ov7670.o
 *(.rodata*)
 *fill*         0x0000000008009f6f        0x1 
 .rodata.OV7670_reg
                0x0000000008009f70       0xf4 ./Core/Src/ov7670.o
                0x0000000008009f70                OV7670_reg
 .rodata.AHBPrescTable
                0x000000000800a064       0x10 ./Core/Src/system_stm32f4xx.o
                0x000000000800a064                AHBPrescTable
 .rodata.APBPrescTable
                0x000000000800a074        0x8 ./Core/Src/system_stm32f4xx.o
                0x000000000800a074                APBPrescTable
 .rodata.flagBitshiftOffset.0
                0x000000000800a07c        0x8 ./Drivers/STM32F4xx_HAL_Driver/Src/stm32f4xx_hal_dma.o
 .rodata._svfprintf_r.str1.1
                0x000000000800a084       0x11 /Applications/STM32CubeIDE.app/Contents/Eclipse/plugins/com.st.stm32cube.ide.mcu.externaltools.gnu-tools-for-stm32.11.3.rel1.macos64_1.1.100.202310310803/tools/bin/../lib/gcc/arm-none-eabi/11.3.1/../../../../arm-none-eabi/lib/thumb/v7e-m+fp/hard/libc_nano.a(libc_a-nano-svfprintf.o)
 .rodata._printf_i.str1.1
                0x000000000800a095       0x22 /Applications/STM32CubeIDE.app/Contents/Eclipse/plugins/com.st.stm32cube.ide.mcu.externaltools.gnu-tools-for-stm32.11.3.rel1.macos64_1.1.100.202310310803/tools/bin/../lib/gcc/arm-none-eabi/11.3.1/../../../../arm-none-eabi/lib/thumb/v7e-m+fp/hard/libc_nano.a(libc_a-nano-vfprintf_i.o)
                0x000000000800a0b8                . = ALIGN (0x4)
 *fill*         0x000000000800a0b7        0x1 

.ARM.extab      0x000000000800a0b8        0x0
                0x000000000800a0b8                . = ALIGN (0x4)
 *(.ARM.extab* .gnu.linkonce.armextab.*)
                0x000000000800a0b8                . = ALIGN (0x4)

.ARM            0x000000000800a0b8        0x8
                0x000000000800a0b8                . = ALIGN (0x4)
                0x000000000800a0b8                __exidx_start = .
 *(.ARM.exidx*)
 .ARM.exidx     0x000000000800a0b8        0x8 /Applications/STM32CubeIDE.app/Contents/Eclipse/plugins/com.st.stm32cube.ide.mcu.externaltools.gnu-tools-for-stm32.11.3.rel1.macos64_1.1.100.202310310803/tools/bin/../lib/gcc/arm-none-eabi/11.3.1/thumb/v7e-m+fp/hard/libgcc.a(_udivmoddi4.o)
                0x000000000800a0c0                __exidx_end = .
                0x000000000800a0c0                . = ALIGN (0x4)

.rel.dyn        0x000000000800a0c0        0x0
 .rel.iplt      0x000000000800a0c0        0x0 /Applications/STM32CubeIDE.app/Contents/Eclipse/plugins/com.st.stm32cube.ide.mcu.externaltools.gnu-tools-for-stm32.11.3.rel1.macos64_1.1.100.202310310803/tools/bin/../lib/gcc/arm-none-eabi/11.3.1/thumb/v7e-m+fp/hard/crtbegin.o

.preinit_array  0x000000000800a0c0        0x0
                0x000000000800a0c0                . = ALIGN (0x4)
                0x000000000800a0c0                PROVIDE (__preinit_array_start = .)
 *(.preinit_array*)
                0x000000000800a0c0                PROVIDE (__preinit_array_end = .)
                0x000000000800a0c0                . = ALIGN (0x4)

.init_array     0x000000000800a0c0        0x4
                0x000000000800a0c0                . = ALIGN (0x4)
                0x000000000800a0c0                PROVIDE (__init_array_start = .)
 *(SORT_BY_NAME(.init_array.*))
 *(.init_array*)
 .init_array    0x000000000800a0c0        0x4 /Applications/STM32CubeIDE.app/Contents/Eclipse/plugins/com.st.stm32cube.ide.mcu.externaltools.gnu-tools-for-stm32.11.3.rel1.macos64_1.1.100.202310310803/tools/bin/../lib/gcc/arm-none-eabi/11.3.1/thumb/v7e-m+fp/hard/crtbegin.o
                0x000000000800a0c4                PROVIDE (__init_array_end = .)
                0x000000000800a0c4                . = ALIGN (0x4)

.fini_array     0x000000000800a0c4        0x4
                0x000000000800a0c4                . = ALIGN (0x4)
                [!provide]                        PROVIDE (__fini_array_start = .)
 *(SORT_BY_NAME(.fini_array.*))
 *(.fini_array*)
 .fini_array    0x000000000800a0c4        0x4 /Applications/STM32CubeIDE.app/Contents/Eclipse/plugins/com.st.stm32cube.ide.mcu.externaltools.gnu-tools-for-stm32.11.3.rel1.macos64_1.1.100.202310310803/tools/bin/../lib/gcc/arm-none-eabi/11.3.1/thumb/v7e-m+fp/hard/crtbegin.o
                [!provide]                        PROVIDE (__fini_array_end = .)
                0x000000000800a0c8                . = ALIGN (0x4)
                0x000000000800a0c8                _sidata = LOADADDR (.data)

.data           0x0000000020000000       0x64 load address 0x000000000800a0c8
                0x0000000020000000                . = ALIGN (0x4)
                0x0000000020000000                _sdata = .
 *(.data)
 *(.data*)
 .data.moduleState
                0x0000000020000000        0x1 ./Core/Src/hc-05.o
                0x0000000020000000                moduleState
 *fill*         0x0000000020000001        0x3 
 .data.interval
                0x0000000020000004        0x4 ./Core/Src/stm32f4xx_it.o
                0x0000000020000004                interval
 .data.SystemCoreClock
                0x0000000020000008        0x4 ./Core/Src/system_stm32f4xx.o
                0x0000000020000008                SystemCoreClock
 .data.uwTickPrio
                0x000000002000000c        0x4 ./Drivers/STM32F4xx_HAL_Driver/Src/stm32f4xx_hal.o
                0x000000002000000c                uwTickPrio
 .data.uwTickFreq
                0x0000000020000010        0x1 ./Drivers/STM32F4xx_HAL_Driver/Src/stm32f4xx_hal.o
                0x0000000020000010                uwTickFreq
 *fill*         0x0000000020000011        0x3 
 .data._impure_data
                0x0000000020000014       0x4c /Applications/STM32CubeIDE.app/Contents/Eclipse/plugins/com.st.stm32cube.ide.mcu.externaltools.gnu-tools-for-stm32.11.3.rel1.macos64_1.1.100.202310310803/tools/bin/../lib/gcc/arm-none-eabi/11.3.1/../../../../arm-none-eabi/lib/thumb/v7e-m+fp/hard/libc_nano.a(libc_a-impure.o)
                0x0000000020000014                _impure_data
 .data._impure_ptr
                0x0000000020000060        0x4 /Applications/STM32CubeIDE.app/Contents/Eclipse/plugins/com.st.stm32cube.ide.mcu.externaltools.gnu-tools-for-stm32.11.3.rel1.macos64_1.1.100.202310310803/tools/bin/../lib/gcc/arm-none-eabi/11.3.1/../../../../arm-none-eabi/lib/thumb/v7e-m+fp/hard/libc_nano.a(libc_a-impure.o)
                0x0000000020000060                _impure_ptr
 *(.RamFunc)
 *(.RamFunc*)
                0x0000000020000064                . = ALIGN (0x4)
                0x0000000020000064                _edata = .

.igot.plt       0x0000000020000064        0x0 load address 0x000000000800a12c
 .igot.plt      0x0000000020000064        0x0 /Applications/STM32CubeIDE.app/Contents/Eclipse/plugins/com.st.stm32cube.ide.mcu.externaltools.gnu-tools-for-stm32.11.3.rel1.macos64_1.1.100.202310310803/tools/bin/../lib/gcc/arm-none-eabi/11.3.1/thumb/v7e-m+fp/hard/crtbegin.o
                0x0000000020000064                . = ALIGN (0x4)

.bss            0x0000000020000064    0x19170 load address 0x000000000800a12c
                0x0000000020000064                _sbss = .
                0x0000000020000064                __bss_start__ = _sbss
 *(.bss)
 .bss           0x0000000020000064       0x1c /Applications/STM32CubeIDE.app/Contents/Eclipse/plugins/com.st.stm32cube.ide.mcu.externaltools.gnu-tools-for-stm32.11.3.rel1.macos64_1.1.100.202310310803/tools/bin/../lib/gcc/arm-none-eabi/11.3.1/thumb/v7e-m+fp/hard/crtbegin.o
 *(.bss*)
 .bss.sizeBuffer
                0x0000000020000080        0xa ./Core/Src/hc-05.o
                0x0000000020000080                sizeBuffer
 *fill*         0x000000002000008a        0x2 
 .bss.okBuffer  0x000000002000008c        0x5 ./Core/Src/hc-05.o
                0x000000002000008c                okBuffer
 .bss.waitingForData
                0x0000000020000091        0x1 ./Core/Src/hc-05.o
                0x0000000020000091                waitingForData
 .bss.waitingForSize
                0x0000000020000092        0x1 ./Core/Src/hc-05.o
                0x0000000020000092                waitingForSize
 .bss.waitingForOK
                0x0000000020000093        0x1 ./Core/Src/hc-05.o
                0x0000000020000093                waitingForOK
 .bss.sendingData
                0x0000000020000094        0x1 ./Core/Src/hc-05.o
                0x0000000020000094                sendingData
 .bss.sendingSize
                0x0000000020000095        0x1 ./Core/Src/hc-05.o
                0x0000000020000095                sendingSize
 .bss.sendingOK
                0x0000000020000096        0x1 ./Core/Src/hc-05.o
                0x0000000020000096                sendingOK
 .bss.exportingData
                0x0000000020000097        0x1 ./Core/Src/hc-05.o
                0x0000000020000097                exportingData
 .bss.BT_huart  0x0000000020000098        0x4 ./Core/Src/hc-05.o
                0x0000000020000098                BT_huart
 .bss.USB_huart
                0x000000002000009c        0x4 ./Core/Src/hc-05.o
                0x000000002000009c                USB_huart
 .bss.hdcmi     0x00000000200000a0       0x50 ./Core/Src/main.o
                0x00000000200000a0                hdcmi
 .bss.hdma_dcmi
                0x00000000200000f0       0x60 ./Core/Src/main.o
                0x00000000200000f0                hdma_dcmi
 .bss.hi2c2     0x0000000020000150       0x54 ./Core/Src/main.o
                0x0000000020000150                hi2c2
 .bss.htim1     0x00000000200001a4       0x48 ./Core/Src/main.o
                0x00000000200001a4                htim1
 .bss.htim6     0x00000000200001ec       0x48 ./Core/Src/main.o
                0x00000000200001ec                htim6
 .bss.huart2    0x0000000020000234       0x44 ./Core/Src/main.o
                0x0000000020000234                huart2
 .bss.huart3    0x0000000020000278       0x44 ./Core/Src/main.o
                0x0000000020000278                huart3
 .bss.hdma_usart2_tx
                0x00000000200002bc       0x60 ./Core/Src/main.o
                0x00000000200002bc                hdma_usart2_tx
 .bss.hdma_usart2_rx
                0x000000002000031c       0x60 ./Core/Src/main.o
                0x000000002000031c                hdma_usart2_rx
 .bss.hdma_usart3_tx
                0x000000002000037c       0x60 ./Core/Src/main.o
                0x000000002000037c                hdma_usart3_tx
 .bss.hpcd_USB_OTG_FS
                0x00000000200003dc      0x50c ./Core/Src/main.o
                0x00000000200003dc                hpcd_USB_OTG_FS
 .bss.raw_buff  0x00000000200008e8     0xc3c0 ./Core/Src/main.o
                0x00000000200008e8                raw_buff
 .bss.intermediate_buff
                0x000000002000cca8     0x61e0 ./Core/Src/main.o
                0x000000002000cca8                intermediate_buff
 .bss.video_buff
                0x0000000020012e88     0x61f4 ./Core/Src/main.o
                0x0000000020012e88                video_buff
 .bss.dma_flag  0x000000002001907c        0x1 ./Core/Src/main.o
                0x000000002001907c                dma_flag
 .bss.button_flag
                0x000000002001907d        0x1 ./Core/Src/main.o
                0x000000002001907d                button_flag
 *fill*         0x000000002001907e        0x2 
 .bss.lastTime  0x0000000020019080        0x4 ./Core/Src/stm32f4xx_it.o
                0x0000000020019080                lastTime
 .bss.__sbrk_heap_end
                0x0000000020019084        0x4 ./Core/Src/sysmem.o
 .bss.uwTick    0x0000000020019088        0x4 ./Drivers/STM32F4xx_HAL_Driver/Src/stm32f4xx_hal.o
                0x0000000020019088                uwTick
 .bss.__sf      0x000000002001908c      0x138 /Applications/STM32CubeIDE.app/Contents/Eclipse/plugins/com.st.stm32cube.ide.mcu.externaltools.gnu-tools-for-stm32.11.3.rel1.macos64_1.1.100.202310310803/tools/bin/../lib/gcc/arm-none-eabi/11.3.1/../../../../arm-none-eabi/lib/thumb/v7e-m+fp/hard/libc_nano.a(libc_a-findfp.o)
                0x000000002001908c                __sf
 .bss.__lock___malloc_recursive_mutex
                0x00000000200191c4        0x1 /Applications/STM32CubeIDE.app/Contents/Eclipse/plugins/com.st.stm32cube.ide.mcu.externaltools.gnu-tools-for-stm32.11.3.rel1.macos64_1.1.100.202310310803/tools/bin/../lib/gcc/arm-none-eabi/11.3.1/../../../../arm-none-eabi/lib/thumb/v7e-m+fp/hard/libc_nano.a(libc_a-lock.o)
                0x00000000200191c4                __lock___malloc_recursive_mutex
 *fill*         0x00000000200191c5        0x3 
 .bss.__malloc_free_list
                0x00000000200191c8        0x4 /Applications/STM32CubeIDE.app/Contents/Eclipse/plugins/com.st.stm32cube.ide.mcu.externaltools.gnu-tools-for-stm32.11.3.rel1.macos64_1.1.100.202310310803/tools/bin/../lib/gcc/arm-none-eabi/11.3.1/../../../../arm-none-eabi/lib/thumb/v7e-m+fp/hard/libc_nano.a(libc_a-mallocr.o)
                0x00000000200191c8                __malloc_free_list
 .bss.__malloc_sbrk_start
                0x00000000200191cc        0x4 /Applications/STM32CubeIDE.app/Contents/Eclipse/plugins/com.st.stm32cube.ide.mcu.externaltools.gnu-tools-for-stm32.11.3.rel1.macos64_1.1.100.202310310803/tools/bin/../lib/gcc/arm-none-eabi/11.3.1/../../../../arm-none-eabi/lib/thumb/v7e-m+fp/hard/libc_nano.a(libc_a-mallocr.o)
                0x00000000200191cc                __malloc_sbrk_start
 .bss.errno     0x00000000200191d0        0x4 /Applications/STM32CubeIDE.app/Contents/Eclipse/plugins/com.st.stm32cube.ide.mcu.externaltools.gnu-tools-for-stm32.11.3.rel1.macos64_1.1.100.202310310803/tools/bin/../lib/gcc/arm-none-eabi/11.3.1/../../../../arm-none-eabi/lib/thumb/v7e-m+fp/hard/libc_nano.a(libc_a-reent.o)
                0x00000000200191d0                errno
 *(COMMON)
                0x00000000200191d4                . = ALIGN (0x4)
                0x00000000200191d4                _ebss = .
                0x00000000200191d4                __bss_end__ = _ebss

._user_heap_stack
                0x00000000200191d4      0x604 load address 0x000000000800a12c
                0x00000000200191d8                . = ALIGN (0x8)
 *fill*         0x00000000200191d4        0x4 
                [!provide]                        PROVIDE (end = .)
                0x00000000200191d8                PROVIDE (_end = .)
                0x00000000200193d8                . = (. + _Min_Heap_Size)
 *fill*         0x00000000200191d8      0x200 
                0x00000000200197d8                . = (. + _Min_Stack_Size)
 *fill*         0x00000000200193d8      0x400 
                0x00000000200197d8                . = ALIGN (0x8)

/DISCARD/
 libc.a(*)
 libm.a(*)
 libgcc.a(*)

.ARM.attributes
                0x0000000000000000       0x30
 *(.ARM.attributes)
 .ARM.attributes
                0x0000000000000000       0x1e /Applications/STM32CubeIDE.app/Contents/Eclipse/plugins/com.st.stm32cube.ide.mcu.externaltools.gnu-tools-for-stm32.11.3.rel1.macos64_1.1.100.202310310803/tools/bin/../lib/gcc/arm-none-eabi/11.3.1/thumb/v7e-m+fp/hard/crti.o
 .ARM.attributes
                0x000000000000001e       0x34 /Applications/STM32CubeIDE.app/Contents/Eclipse/plugins/com.st.stm32cube.ide.mcu.externaltools.gnu-tools-for-stm32.11.3.rel1.macos64_1.1.100.202310310803/tools/bin/../lib/gcc/arm-none-eabi/11.3.1/thumb/v7e-m+fp/hard/crtbegin.o
 .ARM.attributes
                0x0000000000000052       0x34 ./Core/Src/hc-05.o
 .ARM.attributes
                0x0000000000000086       0x34 ./Core/Src/main.o
 .ARM.attributes
                0x00000000000000ba       0x34 ./Core/Src/ov7670.o
 .ARM.attributes
                0x00000000000000ee       0x34 ./Core/Src/stm32f4xx_hal_msp.o
 .ARM.attributes
                0x0000000000000122       0x34 ./Core/Src/stm32f4xx_it.o
 .ARM.attributes
                0x0000000000000156       0x34 ./Core/Src/sysmem.o
 .ARM.attributes
                0x000000000000018a       0x34 ./Core/Src/system_stm32f4xx.o
 .ARM.attributes
                0x00000000000001be       0x21 ./Core/Startup/startup_stm32f446zetx.o
 .ARM.attributes
                0x00000000000001df       0x34 ./Drivers/STM32F4xx_HAL_Driver/Src/stm32f4xx_hal.o
 .ARM.attributes
                0x0000000000000213       0x34 ./Drivers/STM32F4xx_HAL_Driver/Src/stm32f4xx_hal_cortex.o
 .ARM.attributes
                0x0000000000000247       0x34 ./Drivers/STM32F4xx_HAL_Driver/Src/stm32f4xx_hal_dcmi.o
 .ARM.attributes
                0x000000000000027b       0x34 ./Drivers/STM32F4xx_HAL_Driver/Src/stm32f4xx_hal_dcmi_ex.o
 .ARM.attributes
                0x00000000000002af       0x34 ./Drivers/STM32F4xx_HAL_Driver/Src/stm32f4xx_hal_dma.o
 .ARM.attributes
                0x00000000000002e3       0x34 ./Drivers/STM32F4xx_HAL_Driver/Src/stm32f4xx_hal_dma_ex.o
 .ARM.attributes
                0x0000000000000317       0x34 ./Drivers/STM32F4xx_HAL_Driver/Src/stm32f4xx_hal_gpio.o
 .ARM.attributes
                0x000000000000034b       0x34 ./Drivers/STM32F4xx_HAL_Driver/Src/stm32f4xx_hal_i2c.o
 .ARM.attributes
                0x000000000000037f       0x34 ./Drivers/STM32F4xx_HAL_Driver/Src/stm32f4xx_hal_pcd.o
 .ARM.attributes
                0x00000000000003b3       0x34 ./Drivers/STM32F4xx_HAL_Driver/Src/stm32f4xx_hal_pcd_ex.o
 .ARM.attributes
                0x00000000000003e7       0x34 ./Drivers/STM32F4xx_HAL_Driver/Src/stm32f4xx_hal_rcc.o
 .ARM.attributes
                0x000000000000041b       0x34 ./Drivers/STM32F4xx_HAL_Driver/Src/stm32f4xx_hal_rcc_ex.o
 .ARM.attributes
                0x000000000000044f       0x34 ./Drivers/STM32F4xx_HAL_Driver/Src/stm32f4xx_hal_tim.o
 .ARM.attributes
                0x0000000000000483       0x34 ./Drivers/STM32F4xx_HAL_Driver/Src/stm32f4xx_hal_tim_ex.o
 .ARM.attributes
                0x00000000000004b7       0x34 ./Drivers/STM32F4xx_HAL_Driver/Src/stm32f4xx_hal_uart.o
 .ARM.attributes
                0x00000000000004eb       0x34 ./Drivers/STM32F4xx_HAL_Driver/Src/stm32f4xx_ll_usb.o
 .ARM.attributes
                0x000000000000051f       0x34 /Applications/STM32CubeIDE.app/Contents/Eclipse/plugins/com.st.stm32cube.ide.mcu.externaltools.gnu-tools-for-stm32.11.3.rel1.macos64_1.1.100.202310310803/tools/bin/../lib/gcc/arm-none-eabi/11.3.1/../../../../arm-none-eabi/lib/thumb/v7e-m+fp/hard/libc_nano.a(libc_a-sprintf.o)
 .ARM.attributes
                0x0000000000000553       0x34 /Applications/STM32CubeIDE.app/Contents/Eclipse/plugins/com.st.stm32cube.ide.mcu.externaltools.gnu-tools-for-stm32.11.3.rel1.macos64_1.1.100.202310310803/tools/bin/../lib/gcc/arm-none-eabi/11.3.1/../../../../arm-none-eabi/lib/thumb/v7e-m+fp/hard/libc_nano.a(libc_a-findfp.o)
 .ARM.attributes
                0x0000000000000587       0x34 /Applications/STM32CubeIDE.app/Contents/Eclipse/plugins/com.st.stm32cube.ide.mcu.externaltools.gnu-tools-for-stm32.11.3.rel1.macos64_1.1.100.202310310803/tools/bin/../lib/gcc/arm-none-eabi/11.3.1/../../../../arm-none-eabi/lib/thumb/v7e-m+fp/hard/libc_nano.a(libc_a-memset.o)
 .ARM.attributes
                0x00000000000005bb       0x34 /Applications/STM32CubeIDE.app/Contents/Eclipse/plugins/com.st.stm32cube.ide.mcu.externaltools.gnu-tools-for-stm32.11.3.rel1.macos64_1.1.100.202310310803/tools/bin/../lib/gcc/arm-none-eabi/11.3.1/../../../../arm-none-eabi/lib/thumb/v7e-m+fp/hard/libc_nano.a(libc_a-impure.o)
 .ARM.attributes
                0x00000000000005ef       0x34 /Applications/STM32CubeIDE.app/Contents/Eclipse/plugins/com.st.stm32cube.ide.mcu.externaltools.gnu-tools-for-stm32.11.3.rel1.macos64_1.1.100.202310310803/tools/bin/../lib/gcc/arm-none-eabi/11.3.1/../../../../arm-none-eabi/lib/thumb/v7e-m+fp/hard/libc_nano.a(libc_a-errno.o)
 .ARM.attributes
                0x0000000000000623       0x34 /Applications/STM32CubeIDE.app/Contents/Eclipse/plugins/com.st.stm32cube.ide.mcu.externaltools.gnu-tools-for-stm32.11.3.rel1.macos64_1.1.100.202310310803/tools/bin/../lib/gcc/arm-none-eabi/11.3.1/../../../../arm-none-eabi/lib/thumb/v7e-m+fp/hard/libc_nano.a(libc_a-init.o)
 .ARM.attributes
                0x0000000000000657       0x34 /Applications/STM32CubeIDE.app/Contents/Eclipse/plugins/com.st.stm32cube.ide.mcu.externaltools.gnu-tools-for-stm32.11.3.rel1.macos64_1.1.100.202310310803/tools/bin/../lib/gcc/arm-none-eabi/11.3.1/../../../../arm-none-eabi/lib/thumb/v7e-m+fp/hard/libc_nano.a(libc_a-lock.o)
 .ARM.attributes
                0x000000000000068b       0x17 /Applications/STM32CubeIDE.app/Contents/Eclipse/plugins/com.st.stm32cube.ide.mcu.externaltools.gnu-tools-for-stm32.11.3.rel1.macos64_1.1.100.202310310803/tools/bin/../lib/gcc/arm-none-eabi/11.3.1/../../../../arm-none-eabi/lib/thumb/v7e-m+fp/hard/libc_nano.a(libc_a-strlen.o)
 .ARM.attributes
                0x00000000000006a2       0x34 /Applications/STM32CubeIDE.app/Contents/Eclipse/plugins/com.st.stm32cube.ide.mcu.externaltools.gnu-tools-for-stm32.11.3.rel1.macos64_1.1.100.202310310803/tools/bin/../lib/gcc/arm-none-eabi/11.3.1/../../../../arm-none-eabi/lib/thumb/v7e-m+fp/hard/libc_nano.a(libc_a-nano-svfprintf.o)
 .ARM.attributes
                0x00000000000006d6       0x34 /Applications/STM32CubeIDE.app/Contents/Eclipse/plugins/com.st.stm32cube.ide.mcu.externaltools.gnu-tools-for-stm32.11.3.rel1.macos64_1.1.100.202310310803/tools/bin/../lib/gcc/arm-none-eabi/11.3.1/../../../../arm-none-eabi/lib/thumb/v7e-m+fp/hard/libc_nano.a(libc_a-mallocr.o)
 .ARM.attributes
                0x000000000000070a       0x34 /Applications/STM32CubeIDE.app/Contents/Eclipse/plugins/com.st.stm32cube.ide.mcu.externaltools.gnu-tools-for-stm32.11.3.rel1.macos64_1.1.100.202310310803/tools/bin/../lib/gcc/arm-none-eabi/11.3.1/../../../../arm-none-eabi/lib/thumb/v7e-m+fp/hard/libc_nano.a(libc_a-nano-vfprintf_i.o)
 .ARM.attributes
                0x000000000000073e       0x34 /Applications/STM32CubeIDE.app/Contents/Eclipse/plugins/com.st.stm32cube.ide.mcu.externaltools.gnu-tools-for-stm32.11.3.rel1.macos64_1.1.100.202310310803/tools/bin/../lib/gcc/arm-none-eabi/11.3.1/../../../../arm-none-eabi/lib/thumb/v7e-m+fp/hard/libc_nano.a(libc_a-mlock.o)
 .ARM.attributes
                0x0000000000000772       0x34 /Applications/STM32CubeIDE.app/Contents/Eclipse/plugins/com.st.stm32cube.ide.mcu.externaltools.gnu-tools-for-stm32.11.3.rel1.macos64_1.1.100.202310310803/tools/bin/../lib/gcc/arm-none-eabi/11.3.1/../../../../arm-none-eabi/lib/thumb/v7e-m+fp/hard/libc_nano.a(libc_a-reallocr.o)
 .ARM.attributes
                0x00000000000007a6       0x34 /Applications/STM32CubeIDE.app/Contents/Eclipse/plugins/com.st.stm32cube.ide.mcu.externaltools.gnu-tools-for-stm32.11.3.rel1.macos64_1.1.100.202310310803/tools/bin/../lib/gcc/arm-none-eabi/11.3.1/../../../../arm-none-eabi/lib/thumb/v7e-m+fp/hard/libc_nano.a(libc_a-memmove.o)
 .ARM.attributes
                0x00000000000007da       0x34 /Applications/STM32CubeIDE.app/Contents/Eclipse/plugins/com.st.stm32cube.ide.mcu.externaltools.gnu-tools-for-stm32.11.3.rel1.macos64_1.1.100.202310310803/tools/bin/../lib/gcc/arm-none-eabi/11.3.1/../../../../arm-none-eabi/lib/thumb/v7e-m+fp/hard/libc_nano.a(libc_a-reent.o)
 .ARM.attributes
                0x000000000000080e       0x34 /Applications/STM32CubeIDE.app/Contents/Eclipse/plugins/com.st.stm32cube.ide.mcu.externaltools.gnu-tools-for-stm32.11.3.rel1.macos64_1.1.100.202310310803/tools/bin/../lib/gcc/arm-none-eabi/11.3.1/../../../../arm-none-eabi/lib/thumb/v7e-m+fp/hard/libc_nano.a(libc_a-sbrkr.o)
 .ARM.attributes
                0x0000000000000842       0x1c /Applications/STM32CubeIDE.app/Contents/Eclipse/plugins/com.st.stm32cube.ide.mcu.externaltools.gnu-tools-for-stm32.11.3.rel1.macos64_1.1.100.202310310803/tools/bin/../lib/gcc/arm-none-eabi/11.3.1/../../../../arm-none-eabi/lib/thumb/v7e-m+fp/hard/libc_nano.a(libc_a-memchr.o)
 .ARM.attributes
                0x000000000000085e       0x34 /Applications/STM32CubeIDE.app/Contents/Eclipse/plugins/com.st.stm32cube.ide.mcu.externaltools.gnu-tools-for-stm32.11.3.rel1.macos64_1.1.100.202310310803/tools/bin/../lib/gcc/arm-none-eabi/11.3.1/../../../../arm-none-eabi/lib/thumb/v7e-m+fp/hard/libc_nano.a(libc_a-memcpy-stub.o)
 .ARM.attributes
                0x0000000000000892       0x34 /Applications/STM32CubeIDE.app/Contents/Eclipse/plugins/com.st.stm32cube.ide.mcu.externaltools.gnu-tools-for-stm32.11.3.rel1.macos64_1.1.100.202310310803/tools/bin/../lib/gcc/arm-none-eabi/11.3.1/../../../../arm-none-eabi/lib/thumb/v7e-m+fp/hard/libc_nano.a(libc_a-freer.o)
 .ARM.attributes
                0x00000000000008c6       0x34 /Applications/STM32CubeIDE.app/Contents/Eclipse/plugins/com.st.stm32cube.ide.mcu.externaltools.gnu-tools-for-stm32.11.3.rel1.macos64_1.1.100.202310310803/tools/bin/../lib/gcc/arm-none-eabi/11.3.1/../../../../arm-none-eabi/lib/thumb/v7e-m+fp/hard/libc_nano.a(libc_a-msizer.o)
 .ARM.attributes
                0x00000000000008fa       0x1e /Applications/STM32CubeIDE.app/Contents/Eclipse/plugins/com.st.stm32cube.ide.mcu.externaltools.gnu-tools-for-stm32.11.3.rel1.macos64_1.1.100.202310310803/tools/bin/../lib/gcc/arm-none-eabi/11.3.1/thumb/v7e-m+fp/hard/libgcc.a(_aeabi_uldivmod.o)
 .ARM.attributes
                0x0000000000000918       0x34 /Applications/STM32CubeIDE.app/Contents/Eclipse/plugins/com.st.stm32cube.ide.mcu.externaltools.gnu-tools-for-stm32.11.3.rel1.macos64_1.1.100.202310310803/tools/bin/../lib/gcc/arm-none-eabi/11.3.1/thumb/v7e-m+fp/hard/libgcc.a(_udivmoddi4.o)
 .ARM.attributes
                0x000000000000094c       0x1e /Applications/STM32CubeIDE.app/Contents/Eclipse/plugins/com.st.stm32cube.ide.mcu.externaltools.gnu-tools-for-stm32.11.3.rel1.macos64_1.1.100.202310310803/tools/bin/../lib/gcc/arm-none-eabi/11.3.1/thumb/v7e-m+fp/hard/libgcc.a(_dvmd_tls.o)
 .ARM.attributes
                0x000000000000096a       0x1e /Applications/STM32CubeIDE.app/Contents/Eclipse/plugins/com.st.stm32cube.ide.mcu.externaltools.gnu-tools-for-stm32.11.3.rel1.macos64_1.1.100.202310310803/tools/bin/../lib/gcc/arm-none-eabi/11.3.1/thumb/v7e-m+fp/hard/crtn.o
OUTPUT(proejct_board2.elf elf32-littlearm)
LOAD linker stubs
LOAD /Applications/STM32CubeIDE.app/Contents/Eclipse/plugins/com.st.stm32cube.ide.mcu.externaltools.gnu-tools-for-stm32.11.3.rel1.macos64_1.1.100.202310310803/tools/bin/../lib/gcc/arm-none-eabi/11.3.1/../../../../arm-none-eabi/lib/thumb/v7e-m+fp/hard/libc.a
LOAD /Applications/STM32CubeIDE.app/Contents/Eclipse/plugins/com.st.stm32cube.ide.mcu.externaltools.gnu-tools-for-stm32.11.3.rel1.macos64_1.1.100.202310310803/tools/bin/../lib/gcc/arm-none-eabi/11.3.1/../../../../arm-none-eabi/lib/thumb/v7e-m+fp/hard/libm.a
LOAD /Applications/STM32CubeIDE.app/Contents/Eclipse/plugins/com.st.stm32cube.ide.mcu.externaltools.gnu-tools-for-stm32.11.3.rel1.macos64_1.1.100.202310310803/tools/bin/../lib/gcc/arm-none-eabi/11.3.1/thumb/v7e-m+fp/hard/libgcc.a

.comment        0x0000000000000000       0x43
 .comment       0x0000000000000000       0x43 /Applications/STM32CubeIDE.app/Contents/Eclipse/plugins/com.st.stm32cube.ide.mcu.externaltools.gnu-tools-for-stm32.11.3.rel1.macos64_1.1.100.202310310803/tools/bin/../lib/gcc/arm-none-eabi/11.3.1/thumb/v7e-m+fp/hard/crtbegin.o
                                         0x44 (size before relaxing)
 .comment       0x0000000000000043       0x44 ./Core/Src/hc-05.o
 .comment       0x0000000000000043       0x44 ./Core/Src/main.o
 .comment       0x0000000000000043       0x44 ./Core/Src/ov7670.o
 .comment       0x0000000000000043       0x44 ./Core/Src/stm32f4xx_hal_msp.o
 .comment       0x0000000000000043       0x44 ./Core/Src/stm32f4xx_it.o
 .comment       0x0000000000000043       0x44 ./Core/Src/sysmem.o
 .comment       0x0000000000000043       0x44 ./Core/Src/system_stm32f4xx.o
 .comment       0x0000000000000043       0x44 ./Drivers/STM32F4xx_HAL_Driver/Src/stm32f4xx_hal.o
 .comment       0x0000000000000043       0x44 ./Drivers/STM32F4xx_HAL_Driver/Src/stm32f4xx_hal_cortex.o
 .comment       0x0000000000000043       0x44 ./Drivers/STM32F4xx_HAL_Driver/Src/stm32f4xx_hal_dcmi.o
 .comment       0x0000000000000043       0x44 ./Drivers/STM32F4xx_HAL_Driver/Src/stm32f4xx_hal_dcmi_ex.o
 .comment       0x0000000000000043       0x44 ./Drivers/STM32F4xx_HAL_Driver/Src/stm32f4xx_hal_dma.o
 .comment       0x0000000000000043       0x44 ./Drivers/STM32F4xx_HAL_Driver/Src/stm32f4xx_hal_dma_ex.o
 .comment       0x0000000000000043       0x44 ./Drivers/STM32F4xx_HAL_Driver/Src/stm32f4xx_hal_gpio.o
 .comment       0x0000000000000043       0x44 ./Drivers/STM32F4xx_HAL_Driver/Src/stm32f4xx_hal_i2c.o
 .comment       0x0000000000000043       0x44 ./Drivers/STM32F4xx_HAL_Driver/Src/stm32f4xx_hal_pcd.o
 .comment       0x0000000000000043       0x44 ./Drivers/STM32F4xx_HAL_Driver/Src/stm32f4xx_hal_pcd_ex.o
 .comment       0x0000000000000043       0x44 ./Drivers/STM32F4xx_HAL_Driver/Src/stm32f4xx_hal_rcc.o
 .comment       0x0000000000000043       0x44 ./Drivers/STM32F4xx_HAL_Driver/Src/stm32f4xx_hal_rcc_ex.o
 .comment       0x0000000000000043       0x44 ./Drivers/STM32F4xx_HAL_Driver/Src/stm32f4xx_hal_tim.o
 .comment       0x0000000000000043       0x44 ./Drivers/STM32F4xx_HAL_Driver/Src/stm32f4xx_hal_tim_ex.o
 .comment       0x0000000000000043       0x44 ./Drivers/STM32F4xx_HAL_Driver/Src/stm32f4xx_hal_uart.o
 .comment       0x0000000000000043       0x44 ./Drivers/STM32F4xx_HAL_Driver/Src/stm32f4xx_ll_usb.o

.debug_info     0x0000000000000000    0x18884
 .debug_info    0x0000000000000000      0x9fb ./Core/Src/hc-05.o
 .debug_info    0x00000000000009fb     0x22a9 ./Core/Src/main.o
 .debug_info    0x0000000000002ca4      0xeb6 ./Core/Src/ov7670.o
 .debug_info    0x0000000000003b5a     0x1e87 ./Core/Src/stm32f4xx_hal_msp.o
 .debug_info    0x00000000000059e1     0x108d ./Core/Src/stm32f4xx_it.o
 .debug_info    0x0000000000006a6e      0x168 ./Core/Src/sysmem.o
 .debug_info    0x0000000000006bd6      0x54a ./Core/Src/system_stm32f4xx.o
 .debug_info    0x0000000000007120       0x23 ./Core/Startup/startup_stm32f446zetx.o
 .debug_info    0x0000000000007143      0x99e ./Drivers/STM32F4xx_HAL_Driver/Src/stm32f4xx_hal.o
 .debug_info    0x0000000000007ae1      0xd64 ./Drivers/STM32F4xx_HAL_Driver/Src/stm32f4xx_hal_cortex.o
 .debug_info    0x0000000000008845      0xaff ./Drivers/STM32F4xx_HAL_Driver/Src/stm32f4xx_hal_dcmi.o
 .debug_info    0x0000000000009344      0x5ec ./Drivers/STM32F4xx_HAL_Driver/Src/stm32f4xx_hal_dcmi_ex.o
 .debug_info    0x0000000000009930      0x8e7 ./Drivers/STM32F4xx_HAL_Driver/Src/stm32f4xx_hal_dma.o
 .debug_info    0x000000000000a217      0x4df ./Drivers/STM32F4xx_HAL_Driver/Src/stm32f4xx_hal_dma_ex.o
 .debug_info    0x000000000000a6f6      0x70b ./Drivers/STM32F4xx_HAL_Driver/Src/stm32f4xx_hal_gpio.o
 .debug_info    0x000000000000ae01     0x23ed ./Drivers/STM32F4xx_HAL_Driver/Src/stm32f4xx_hal_i2c.o
 .debug_info    0x000000000000d1ee     0x15b5 ./Drivers/STM32F4xx_HAL_Driver/Src/stm32f4xx_hal_pcd.o
 .debug_info    0x000000000000e7a3      0x79c ./Drivers/STM32F4xx_HAL_Driver/Src/stm32f4xx_hal_pcd_ex.o
 .debug_info    0x000000000000ef3f      0x8ed ./Drivers/STM32F4xx_HAL_Driver/Src/stm32f4xx_hal_rcc.o
 .debug_info    0x000000000000f82c      0x956 ./Drivers/STM32F4xx_HAL_Driver/Src/stm32f4xx_hal_rcc_ex.o
 .debug_info    0x0000000000010182     0x2948 ./Drivers/STM32F4xx_HAL_Driver/Src/stm32f4xx_hal_tim.o
 .debug_info    0x0000000000012aca     0x14ae ./Drivers/STM32F4xx_HAL_Driver/Src/stm32f4xx_hal_tim_ex.o
 .debug_info    0x0000000000013f78     0x2fb8 ./Drivers/STM32F4xx_HAL_Driver/Src/stm32f4xx_hal_uart.o
 .debug_info    0x0000000000016f30     0x1954 ./Drivers/STM32F4xx_HAL_Driver/Src/stm32f4xx_ll_usb.o

.debug_abbrev   0x0000000000000000     0x34ec
 .debug_abbrev  0x0000000000000000      0x248 ./Core/Src/hc-05.o
 .debug_abbrev  0x0000000000000248      0x3db ./Core/Src/main.o
 .debug_abbrev  0x0000000000000623      0x238 ./Core/Src/ov7670.o
 .debug_abbrev  0x000000000000085b      0x2c0 ./Core/Src/stm32f4xx_hal_msp.o
 .debug_abbrev  0x0000000000000b1b      0x277 ./Core/Src/stm32f4xx_it.o
 .debug_abbrev  0x0000000000000d92       0xbc ./Core/Src/sysmem.o
 .debug_abbrev  0x0000000000000e4e      0x11a ./Core/Src/system_stm32f4xx.o
 .debug_abbrev  0x0000000000000f68       0x12 ./Core/Startup/startup_stm32f446zetx.o
 .debug_abbrev  0x0000000000000f7a      0x213 ./Drivers/STM32F4xx_HAL_Driver/Src/stm32f4xx_hal.o
 .debug_abbrev  0x000000000000118d      0x327 ./Drivers/STM32F4xx_HAL_Driver/Src/stm32f4xx_hal_cortex.o
 .debug_abbrev  0x00000000000014b4      0x247 ./Drivers/STM32F4xx_HAL_Driver/Src/stm32f4xx_hal_dcmi.o
 .debug_abbrev  0x00000000000016fb      0x13e ./Drivers/STM32F4xx_HAL_Driver/Src/stm32f4xx_hal_dcmi_ex.o
 .debug_abbrev  0x0000000000001839      0x264 ./Drivers/STM32F4xx_HAL_Driver/Src/stm32f4xx_hal_dma.o
 .debug_abbrev  0x0000000000001a9d      0x1a3 ./Drivers/STM32F4xx_HAL_Driver/Src/stm32f4xx_hal_dma_ex.o
 .debug_abbrev  0x0000000000001c40      0x1d4 ./Drivers/STM32F4xx_HAL_Driver/Src/stm32f4xx_hal_gpio.o
 .debug_abbrev  0x0000000000001e14      0x2ad ./Drivers/STM32F4xx_HAL_Driver/Src/stm32f4xx_hal_i2c.o
 .debug_abbrev  0x00000000000020c1      0x2e7 ./Drivers/STM32F4xx_HAL_Driver/Src/stm32f4xx_hal_pcd.o
 .debug_abbrev  0x00000000000023a8      0x1dd ./Drivers/STM32F4xx_HAL_Driver/Src/stm32f4xx_hal_pcd_ex.o
 .debug_abbrev  0x0000000000002585      0x2b6 ./Drivers/STM32F4xx_HAL_Driver/Src/stm32f4xx_hal_rcc.o
 .debug_abbrev  0x000000000000283b      0x20a ./Drivers/STM32F4xx_HAL_Driver/Src/stm32f4xx_hal_rcc_ex.o
 .debug_abbrev  0x0000000000002a45      0x271 ./Drivers/STM32F4xx_HAL_Driver/Src/stm32f4xx_hal_tim.o
 .debug_abbrev  0x0000000000002cb6      0x27c ./Drivers/STM32F4xx_HAL_Driver/Src/stm32f4xx_hal_tim_ex.o
 .debug_abbrev  0x0000000000002f32      0x30e ./Drivers/STM32F4xx_HAL_Driver/Src/stm32f4xx_hal_uart.o
 .debug_abbrev  0x0000000000003240      0x2ac ./Drivers/STM32F4xx_HAL_Driver/Src/stm32f4xx_ll_usb.o

.debug_aranges  0x0000000000000000     0x1508
 .debug_aranges
                0x0000000000000000       0x68 ./Core/Src/hc-05.o
 .debug_aranges
                0x0000000000000068       0x98 ./Core/Src/main.o
 .debug_aranges
                0x0000000000000100       0x48 ./Core/Src/ov7670.o
 .debug_aranges
                0x0000000000000148       0x88 ./Core/Src/stm32f4xx_hal_msp.o
 .debug_aranges
                0x00000000000001d0       0xb8 ./Core/Src/stm32f4xx_it.o
 .debug_aranges
                0x0000000000000288       0x20 ./Core/Src/sysmem.o
 .debug_aranges
                0x00000000000002a8       0x28 ./Core/Src/system_stm32f4xx.o
 .debug_aranges
                0x00000000000002d0       0x28 ./Core/Startup/startup_stm32f446zetx.o
 .debug_aranges
                0x00000000000002f8       0xf0 ./Drivers/STM32F4xx_HAL_Driver/Src/stm32f4xx_hal.o
 .debug_aranges
                0x00000000000003e8      0x118 ./Drivers/STM32F4xx_HAL_Driver/Src/stm32f4xx_hal_cortex.o
 .debug_aranges
                0x0000000000000500       0xc0 ./Drivers/STM32F4xx_HAL_Driver/Src/stm32f4xx_hal_dcmi.o
 .debug_aranges
                0x00000000000005c0       0x20 ./Drivers/STM32F4xx_HAL_Driver/Src/stm32f4xx_hal_dcmi_ex.o
 .debug_aranges
                0x00000000000005e0       0x90 ./Drivers/STM32F4xx_HAL_Driver/Src/stm32f4xx_hal_dma.o
 .debug_aranges
                0x0000000000000670       0x38 ./Drivers/STM32F4xx_HAL_Driver/Src/stm32f4xx_hal_dma_ex.o
 .debug_aranges
                0x00000000000006a8       0x58 ./Drivers/STM32F4xx_HAL_Driver/Src/stm32f4xx_hal_gpio.o
 .debug_aranges
                0x0000000000000700      0x2a0 ./Drivers/STM32F4xx_HAL_Driver/Src/stm32f4xx_hal_i2c.o
 .debug_aranges
                0x00000000000009a0      0x148 ./Drivers/STM32F4xx_HAL_Driver/Src/stm32f4xx_hal_pcd.o
 .debug_aranges
                0x0000000000000ae8       0x48 ./Drivers/STM32F4xx_HAL_Driver/Src/stm32f4xx_hal_pcd_ex.o
 .debug_aranges
                0x0000000000000b30       0x88 ./Drivers/STM32F4xx_HAL_Driver/Src/stm32f4xx_hal_rcc.o
 .debug_aranges
                0x0000000000000bb8       0x78 ./Drivers/STM32F4xx_HAL_Driver/Src/stm32f4xx_hal_rcc_ex.o
 .debug_aranges
                0x0000000000000c30      0x3d0 ./Drivers/STM32F4xx_HAL_Driver/Src/stm32f4xx_hal_tim.o
 .debug_aranges
                0x0000000000001000      0x168 ./Drivers/STM32F4xx_HAL_Driver/Src/stm32f4xx_hal_tim_ex.o
 .debug_aranges
                0x0000000000001168      0x200 ./Drivers/STM32F4xx_HAL_Driver/Src/stm32f4xx_hal_uart.o
 .debug_aranges
                0x0000000000001368      0x1a0 ./Drivers/STM32F4xx_HAL_Driver/Src/stm32f4xx_ll_usb.o

.debug_rnglists
                0x0000000000000000     0x1081
 .debug_rnglists
                0x0000000000000000       0x4b ./Core/Src/hc-05.o
 .debug_rnglists
                0x000000000000004b       0x73 ./Core/Src/main.o
 .debug_rnglists
                0x00000000000000be       0x34 ./Core/Src/ov7670.o
 .debug_rnglists
                0x00000000000000f2       0x67 ./Core/Src/stm32f4xx_hal_msp.o
 .debug_rnglists
                0x0000000000000159       0x85 ./Core/Src/stm32f4xx_it.o
 .debug_rnglists
                0x00000000000001de       0x13 ./Core/Src/sysmem.o
 .debug_rnglists
                0x00000000000001f1       0x1a ./Core/Src/system_stm32f4xx.o
 .debug_rnglists
                0x000000000000020b       0x19 ./Core/Startup/startup_stm32f446zetx.o
 .debug_rnglists
                0x0000000000000224       0xaf ./Drivers/STM32F4xx_HAL_Driver/Src/stm32f4xx_hal.o
 .debug_rnglists
                0x00000000000002d3       0xce ./Drivers/STM32F4xx_HAL_Driver/Src/stm32f4xx_hal_cortex.o
 .debug_rnglists
                0x00000000000003a1       0x91 ./Drivers/STM32F4xx_HAL_Driver/Src/stm32f4xx_hal_dcmi.o
 .debug_rnglists
                0x0000000000000432       0x14 ./Drivers/STM32F4xx_HAL_Driver/Src/stm32f4xx_hal_dcmi_ex.o
 .debug_rnglists
                0x0000000000000446       0x70 ./Drivers/STM32F4xx_HAL_Driver/Src/stm32f4xx_hal_dma.o
 .debug_rnglists
                0x00000000000004b6       0x27 ./Drivers/STM32F4xx_HAL_Driver/Src/stm32f4xx_hal_dma_ex.o
 .debug_rnglists
                0x00000000000004dd       0x3f ./Drivers/STM32F4xx_HAL_Driver/Src/stm32f4xx_hal_gpio.o
 .debug_rnglists
                0x000000000000051c      0x235 ./Drivers/STM32F4xx_HAL_Driver/Src/stm32f4xx_hal_i2c.o
 .debug_rnglists
                0x0000000000000751       0xfc ./Drivers/STM32F4xx_HAL_Driver/Src/stm32f4xx_hal_pcd.o
 .debug_rnglists
                0x000000000000084d       0x32 ./Drivers/STM32F4xx_HAL_Driver/Src/stm32f4xx_hal_pcd_ex.o
 .debug_rnglists
                0x000000000000087f       0x66 ./Drivers/STM32F4xx_HAL_Driver/Src/stm32f4xx_hal_rcc.o
 .debug_rnglists
                0x00000000000008e5       0x5e ./Drivers/STM32F4xx_HAL_Driver/Src/stm32f4xx_hal_rcc_ex.o
 .debug_rnglists
                0x0000000000000943      0x31a ./Drivers/STM32F4xx_HAL_Driver/Src/stm32f4xx_hal_tim.o
 .debug_rnglists
                0x0000000000000c5d      0x125 ./Drivers/STM32F4xx_HAL_Driver/Src/stm32f4xx_hal_tim_ex.o
 .debug_rnglists
                0x0000000000000d82      0x1b7 ./Drivers/STM32F4xx_HAL_Driver/Src/stm32f4xx_hal_uart.o
 .debug_rnglists
                0x0000000000000f39      0x148 ./Drivers/STM32F4xx_HAL_Driver/Src/stm32f4xx_ll_usb.o

.debug_macro    0x0000000000000000    0x246d9
 .debug_macro   0x0000000000000000      0x392 ./Core/Src/hc-05.o
 .debug_macro   0x0000000000000392      0xaa8 ./Core/Src/hc-05.o
 .debug_macro   0x0000000000000e3a       0x22 ./Core/Src/hc-05.o
 .debug_macro   0x0000000000000e5c      0x2ad ./Core/Src/hc-05.o
 .debug_macro   0x0000000000001109       0x2e ./Core/Src/hc-05.o
 .debug_macro   0x0000000000001137       0x28 ./Core/Src/hc-05.o
 .debug_macro   0x000000000000115f       0x22 ./Core/Src/hc-05.o
 .debug_macro   0x0000000000001181       0x8e ./Core/Src/hc-05.o
 .debug_macro   0x000000000000120f       0x51 ./Core/Src/hc-05.o
 .debug_macro   0x0000000000001260      0x103 ./Core/Src/hc-05.o
 .debug_macro   0x0000000000001363       0x6a ./Core/Src/hc-05.o
 .debug_macro   0x00000000000013cd      0x1df ./Core/Src/hc-05.o
 .debug_macro   0x00000000000015ac       0x1c ./Core/Src/hc-05.o
 .debug_macro   0x00000000000015c8       0x22 ./Core/Src/hc-05.o
 .debug_macro   0x00000000000015ea       0xd9 ./Core/Src/hc-05.o
 .debug_macro   0x00000000000016c3     0x102d ./Core/Src/hc-05.o
 .debug_macro   0x00000000000026f0      0x11f ./Core/Src/hc-05.o
 .debug_macro   0x000000000000280f    0x16749 ./Core/Src/hc-05.o
 .debug_macro   0x0000000000018f58       0x6d ./Core/Src/hc-05.o
 .debug_macro   0x0000000000018fc5     0x367e ./Core/Src/hc-05.o
 .debug_macro   0x000000000001c643      0x174 ./Core/Src/hc-05.o
 .debug_macro   0x000000000001c7b7       0x5c ./Core/Src/hc-05.o
 .debug_macro   0x000000000001c813      0xc90 ./Core/Src/hc-05.o