14:59:32 **** Incremental Build of configuration Debug for project lab_06 ****
make -j7 all 
arm-none-eabi-gcc "../Core/Src/config.c" -mcpu=cortex-m4 -std=gnu11 -g3 -DDEBUG -DUSE_HAL_DRIVER -DSTM32F446xx -c -I../Core/Inc -I../Drivers/STM32F4xx_HAL_Driver/Inc -I../Drivers/STM32F4xx_HAL_Driver/Inc/Legacy -I../Drivers/CMSIS/Device/ST/STM32F4xx/Include -I../Drivers/CMSIS/Include -O0 -ffunction-sections -fdata-sections -Wall -fstack-usage -fcyclomatic-complexity -MMD -MP -MF"Core/Src/config.d" -MT"Core/Src/config.o" --specs=nano.specs -mfpu=fpv4-sp-d16 -mfloat-abi=hard -mthumb -o "Core/Src/config.o"
arm-none-eabi-gcc -o "lab_06.elf" @"objects.list"   -mcpu=cortex-m4 -T"/Users/romeluis/STM32CubeIDE/workspace_1.14.0/lab_06/STM32F446ZETX_FLASH.ld" --specs=nosys.specs -Wl,-Map="lab_06.map" -Wl,--gc-sections -static --specs=nano.specs -mfpu=fpv4-sp-d16 -mfloat-abi=hard -mthumb -Wl,--start-group -lc -lm -Wl,--end-group
Finished building target: lab_06.elf
 
arm-none-eabi-size  lab_06.elf 
arm-none-eabi-objdump -h -S lab_06.elf  > "lab_06.list"
   text	   data	    bss	    dec	    hex	filename
  39176	    104	 104016	 143296	  22fc0	lab_06.elf
Finished building: default.size.stdout
 
Finished building: lab_06.list
 

14:59:33 Build Finished. 0 errors, 0 warnings. (took 898ms)

